Component: ARM Compiler 5.06 update 1 (build 61) Tool: armlink [4d35a8]

==============================================================================

Section Cross References

    startup_stm32f10x_hd.o(RESET) refers to startup_stm32f10x_hd.o(STACK) for __initial_sp
    startup_stm32f10x_hd.o(RESET) refers to startup_stm32f10x_hd.o(.text) for Reset_Handler
    startup_stm32f10x_hd.o(RESET) refers to timer.o(.text) for TIM3_IRQHandler
    startup_stm32f10x_hd.o(RESET) refers to usart.o(.text) for USART1_IRQHandler
    startup_stm32f10x_hd.o(RESET) refers to esp8266.o(.text) for USART2_IRQHandler
    startup_stm32f10x_hd.o(.text) refers to system_stm32f10x.o(.text) for SystemInit
    startup_stm32f10x_hd.o(.text) refers to entry.o(.ARM.Collect$$$$00000000) for __main
    main.o(.text) refers to interface.o(.text) for delay_init
    main.o(.text) refers to usart.o(.text) for Usart1_Init
    main.o(.text) refers to esp8266.o(.text) for ESP8266_Init
    main.o(.text) refers to onenet.o(.text) for OneNet_DevLink
    main.o(.text) refers to printf1.o(i.__0printf$1) for __2printf
    usart.o(.text) refers to stm32f10x_usart.o(.text) for USART_SendData
    usart.o(.text) refers to stm32f10x_rcc.o(.text) for RCC_APB2PeriphClockCmd
    usart.o(.text) refers to stm32f10x_gpio.o(.text) for GPIO_Init
    usart.o(.text) refers to misc.o(.text) for NVIC_Init
    usart.o(.text) refers to printfa.o(i.__0vsnprintf) for __c89vsnprintf
    usart.o(.text) refers to usart.o(.data) for USART3_RX_STA
    usart.o(.text) refers to usart.o(.bss) for USART3_RX_BUF
    dht11.o(.text) refers to interface.o(.text) for Delayms
    dht11.o(.text) refers to stm32f10x_rcc.o(.text) for RCC_APB2PeriphClockCmd
    dht11.o(.text) refers to stm32f10x_gpio.o(.text) for GPIO_Init
    timer.o(.text) refers to stm32f10x_rcc.o(.text) for RCC_APB1PeriphClockCmd
    timer.o(.text) refers to stm32f10x_tim.o(.text) for TIM_TimeBaseInit
    timer.o(.text) refers to misc.o(.text) for NVIC_Init
    timer.o(.text) refers to stm32f10x_gpio.o(.text) for GPIO_PinRemapConfig
    hmi.o(.text) refers to stm32f10x_usart.o(.text) for USART_GetFlagStatus
    interface.o(.text) refers to stm32f10x_rcc.o(.text) for RCC_APB2PeriphClockCmd
    stm32f10x_adc.o(.text) refers to stm32f10x_rcc.o(.text) for RCC_APB2PeriphResetCmd
    stm32f10x_bkp.o(.text) refers to stm32f10x_rcc.o(.text) for RCC_BackupResetCmd
    stm32f10x_can.o(.text) refers to stm32f10x_rcc.o(.text) for RCC_APB1PeriphResetCmd
    stm32f10x_cec.o(.text) refers to stm32f10x_rcc.o(.text) for RCC_APB1PeriphResetCmd
    stm32f10x_dac.o(.text) refers to stm32f10x_rcc.o(.text) for RCC_APB1PeriphResetCmd
    stm32f10x_gpio.o(.text) refers to stm32f10x_rcc.o(.text) for RCC_APB2PeriphResetCmd
    stm32f10x_i2c.o(.text) refers to stm32f10x_rcc.o(.text) for RCC_APB1PeriphResetCmd
    stm32f10x_pwr.o(.text) refers to stm32f10x_rcc.o(.text) for RCC_APB1PeriphResetCmd
    stm32f10x_rcc.o(.text) refers to stm32f10x_rcc.o(.data) for APBAHBPrescTable
    stm32f10x_spi.o(.text) refers to stm32f10x_rcc.o(.text) for RCC_APB2PeriphResetCmd
    stm32f10x_tim.o(.text) refers to stm32f10x_rcc.o(.text) for RCC_APB2PeriphResetCmd
    stm32f10x_usart.o(.text) refers to stm32f10x_rcc.o(.text) for RCC_APB2PeriphResetCmd
    stm32f10x_wwdg.o(.text) refers to stm32f10x_rcc.o(.text) for RCC_APB1PeriphResetCmd
    system_stm32f10x.o(.text) refers to system_stm32f10x.o(.data) for SystemCoreClock
    esp8266.o(.text) refers to memseta.o(.text) for __aeabi_memclr
    esp8266.o(.text) refers to strlen.o(.text) for strlen
    esp8266.o(.text) refers to usart.o(.text) for Usart_SendString
    esp8266.o(.text) refers to strstr.o(.text) for strstr
    esp8266.o(.text) refers to interface.o(.text) for Delayms
    esp8266.o(.text) refers to printf1.o(i.__0sprintf$1) for __2sprintf
    esp8266.o(.text) refers to strchr.o(.text) for strchr
    esp8266.o(.text) refers to stm32f10x_rcc.o(.text) for RCC_APB2PeriphClockCmd
    esp8266.o(.text) refers to stm32f10x_gpio.o(.text) for GPIO_Init
    esp8266.o(.text) refers to stm32f10x_usart.o(.text) for USART_GetITStatus
    esp8266.o(.text) refers to esp8266.o(.bss) for esp8266_buf
    esp8266.o(.text) refers to esp8266.o(.data) for esp8266_cnt
    edpkit.o(.text) refers to malloc.o(i.malloc) for malloc
    edpkit.o(.text) refers to malloc.o(i.free) for free
    edpkit.o(.text) refers to strlen.o(.text) for strlen
    edpkit.o(.text) refers to strncat.o(.text) for strncat
    edpkit.o(.text) refers to memseta.o(.text) for __aeabi_memclr
    edpkit.o(.text) refers to memcpya.o(.text) for __aeabi_memcpy
    onenet.o(.text) refers to usart.o(.text) for UsartPrintf
    onenet.o(.text) refers to edpkit.o(.text) for EDP_PacketConnect1
    onenet.o(.text) refers to esp8266.o(.text) for ESP8266_SendData
    onenet.o(.text) refers to memseta.o(.text) for __aeabi_memclr4
    onenet.o(.text) refers to dht11.o(.text) for DHT11_Read_Data
    onenet.o(.text) refers to printf1.o(i.__0sprintf$1) for __2sprintf
[...]
    printf5.o(i.__0fprintf$5) refers to printf5.o(i._printf_core) for _printf_core
    printf5.o(i.__0fprintf$5) refers to usart.o(.text) for fputc
    printf5.o(i.__0printf$5) refers to printf5.o(i._printf_core) for _printf_core
    printf5.o(i.__0printf$5) refers to usart.o(.text) for fputc
    printf5.o(i.__0printf$5) refers to stdout.o(.data) for __stdout
    printf5.o(i.__0snprintf$5) refers to printf5.o(i._printf_core) for _printf_core
    printf5.o(i.__0snprintf$5) refers to printf5.o(i._snputc) for _snputc
    printf5.o(i.__0sprintf$5) refers to printf5.o(i._printf_core) for _printf_core
    printf5.o(i.__0sprintf$5) refers to printf5.o(i._sputc) for _sputc
    printf5.o(i.__0vfprintf$5) refers to printf5.o(i._printf_core) for _printf_core
    printf5.o(i.__0vfprintf$5) refers to usart.o(.text) for fputc
    printf5.o(i.__0vprintf$5) refers to printf5.o(i._printf_core) for _printf_core
    printf5.o(i.__0vprintf$5) refers to usart.o(.text) for fputc
    printf5.o(i.__0vprintf$5) refers to stdout.o(.data) for __stdout
    printf5.o(i.__0vsnprintf$5) refers to printf5.o(i._printf_core) for _printf_core
    printf5.o(i.__0vsnprintf$5) refers to printf5.o(i._snputc) for _snputc
    printf5.o(i.__0vsprintf$5) refers to printf5.o(i._printf_core) for _printf_core
    printf5.o(i.__0vsprintf$5) refers to printf5.o(i._sputc) for _sputc
    printf5.o(i._printf_core) refers to uldiv.o(.text) for __aeabi_uldivmod
    printf6.o(i.__0fprintf$6) refers to printf6.o(i._printf_core) for _printf_core
    printf6.o(i.__0fprintf$6) refers to usart.o(.text) for fputc
    printf6.o(i.__0printf$6) refers to printf6.o(i._printf_core) for _printf_core
    printf6.o(i.__0printf$6) refers to usart.o(.text) for fputc
    printf6.o(i.__0printf$6) refers to stdout.o(.data) for __stdout
    printf6.o(i.__0snprintf$6) refers to printf6.o(i._printf_core) for _printf_core
    printf6.o(i.__0snprintf$6) refers to printf6.o(i._snputc) for _snputc
    printf6.o(i.__0sprintf$6) refers to printf6.o(i._printf_core) for _printf_core
    printf6.o(i.__0sprintf$6) refers to printf6.o(i._sputc) for _sputc
    printf6.o(i.__0vfprintf$6) refers to printf6.o(i._printf_core) for _printf_core
    printf6.o(i.__0vfprintf$6) refers to usart.o(.text) for fputc
    printf6.o(i.__0vprintf$6) refers to printf6.o(i._printf_core) for _printf_core
    printf6.o(i.__0vprintf$6) refers to usart.o(.text) for fputc
    printf6.o(i.__0vprintf$6) refers to stdout.o(.data) for __stdout
    printf6.o(i.__0vsnprintf$6) refers to printf6.o(i._printf_core) for _printf_core
    printf6.o(i.__0vsnprintf$6) refers to printf6.o(i._snputc) for _snputc
    printf6.o(i.__0vsprintf$6) refers to printf6.o(i._printf_core) for _printf_core
    printf6.o(i.__0vsprintf$6) refers to printf6.o(i._sputc) for _sputc
    printf6.o(i._printf_core) refers to printf6.o(i._printf_pre_padding) for _printf_pre_padding
    printf6.o(i._printf_core) refers to uidiv.o(.text) for __aeabi_uidivmod
    printf6.o(i._printf_core) refers to printf6.o(i._printf_post_padding) for _printf_post_padding
    printf7.o(i.__0fprintf$7) refers to printf7.o(i._printf_core) for _printf_core
    printf7.o(i.__0fprintf$7) refers to usart.o(.text) for fputc
    printf7.o(i.__0printf$7) refers to printf7.o(i._printf_core) for _printf_core
    printf7.o(i.__0printf$7) refers to usart.o(.text) for fputc
    printf7.o(i.__0printf$7) refers to stdout.o(.data) for __stdout
    printf7.o(i.__0snprintf$7) refers to printf7.o(i._printf_core) for _printf_core
    printf7.o(i.__0snprintf$7) refers to printf7.o(i._snputc) for _snputc
    printf7.o(i.__0sprintf$7) refers to printf7.o(i._printf_core) for _printf_core
    printf7.o(i.__0sprintf$7) refers to printf7.o(i._sputc) for _sputc
    printf7.o(i.__0vfprintf$7) refers to printf7.o(i._printf_core) for _printf_core
    printf7.o(i.__0vfprintf$7) refers to usart.o(.text) for fputc
    printf7.o(i.__0vprintf$7) refers to printf7.o(i._printf_core) for _printf_core
    printf7.o(i.__0vprintf$7) refers to usart.o(.text) for fputc
    printf7.o(i.__0vprintf$7) refers to stdout.o(.data) for __stdout
    printf7.o(i.__0vsnprintf$7) refers to printf7.o(i._printf_core) for _printf_core
    printf7.o(i.__0vsnprintf$7) refers to printf7.o(i._snputc) for _snputc
    printf7.o(i.__0vsprintf$7) refers to printf7.o(i._printf_core) for _printf_core
    printf7.o(i.__0vsprintf$7) refers to printf7.o(i._sputc) for _sputc
    printf7.o(i._printf_core) refers to printf7.o(i._printf_pre_padding) for _printf_pre_padding
    printf7.o(i._printf_core) refers to uldiv.o(.text) for __aeabi_uldivmod
    printf7.o(i._printf_core) refers to printf7.o(i._printf_post_padding) for _printf_post_padding
    printf8.o(i.__0fprintf$8) refers to printf8.o(i._printf_core) for _printf_core
    printf8.o(i.__0fprintf$8) refers to usart.o(.text) for fputc
    printf8.o(i.__0printf$8) refers to printf8.o(i._printf_core) for _printf_core
    printf8.o(i.__0printf$8) refers to usart.o(.text) for fputc
    printf8.o(i.__0printf$8) refers to stdout.o(.data) for __stdout
    printf8.o(i.__0snprintf$8) refers to printf8.o(i._printf_core) for _printf_core
    printf8.o(i.__0snprintf$8) refers to printf8.o(i._snputc) for _snputc
    printf8.o(i.__0sprintf$8) refers to printf8.o(i._printf_core) for _printf_core
    printf8.o(i.__0sprintf$8) refers to printf8.o(i._sputc) for _sputc
    printf8.o(i.__0vfprintf$8) refers to printf8.o(i._printf_core) for _printf_core
    printf8.o(i.__0vfprintf$8) refers to usart.o(.text) for fputc
    printf8.o(i.__0vprintf$8) refers to printf8.o(i._printf_core) for _printf_core
    printf8.o(i.__0vprintf$8) refers to usart.o(.text) for fputc
    printf8.o(i.__0vprintf$8) refers to stdout.o(.data) for __stdout
    printf8.o(i.__0vsnprintf$8) refers to printf8.o(i._printf_core) for _printf_core
    printf8.o(i.__0vsnprintf$8) refers to printf8.o(i._snputc) for _snputc
    printf8.o(i.__0vsprintf$8) refers to printf8.o(i._printf_core) for _printf_core
    printf8.o(i.__0vsprintf$8) refers to printf8.o(i._sputc) for _sputc
    printf8.o(i._printf_core) refers to printf8.o(i._printf_pre_padding) for _printf_pre_padding
    printf8.o(i._printf_core) refers to uldiv.o(.text) for __aeabi_uldivmod
    printf8.o(i._printf_core) refers to printf8.o(i._printf_post_padding) for _printf_post_padding
    printfa.o(i.__0fprintf) refers (Special) to iusefp.o(.text) for __I$use$fp
    printfa.o(i.__0fprintf) refers to printfa.o(i._printf_core) for _printf_core
    printfa.o(i.__0fprintf) refers to usart.o(.text) for fputc
    printfa.o(i.__0printf) refers (Special) to iusefp.o(.text) for __I$use$fp
    printfa.o(i.__0printf) refers to printfa.o(i._printf_core) for _printf_core
    printfa.o(i.__0printf) refers to usart.o(.text) for fputc
    printfa.o(i.__0printf) refers to stdout.o(.data) for __stdout
    printfa.o(i.__0snprintf) refers (Special) to iusefp.o(.text) for __I$use$fp
    printfa.o(i.__0snprintf) refers to printfa.o(i._printf_core) for _printf_core
    printfa.o(i.__0snprintf) refers to printfa.o(i._snputc) for _snputc
    printfa.o(i.__0sprintf) refers (Special) to iusefp.o(.text) for __I$use$fp
    printfa.o(i.__0sprintf) refers to printfa.o(i._printf_core) for _printf_core
    printfa.o(i.__0sprintf) refers to printfa.o(i._sputc) for _sputc
    printfa.o(i.__0vfprintf) refers (Special) to iusefp.o(.text) for __I$use$fp
    printfa.o(i.__0vfprintf) refers to printfa.o(i._printf_core) for _printf_core
    printfa.o(i.__0vfprintf) refers to usart.o(.text) for fputc
    printfa.o(i.__0vprintf) refers (Special) to iusefp.o(.text) for __I$use$fp
    printfa.o(i.__0vprintf) refers to printfa.o(i._printf_core) for _printf_core
    printfa.o(i.__0vprintf) refers to usart.o(.text) for fputc
    printfa.o(i.__0vprintf) refers to stdout.o(.data) for __stdout
    printfa.o(i.__0vsnprintf) refers (Special) to iusefp.o(.text) for __I$use$fp
    printfa.o(i.__0vsnprintf) refers to printfa.o(i._printf_core) for _printf_core
    printfa.o(i.__0vsnprintf) refers to printfa.o(i._snputc) for _snputc
    printfa.o(i.__0vsprintf) refers (Special) to iusefp.o(.text) for __I$use$fp
    printfa.o(i.__0vsprintf) refers to printfa.o(i._printf_core) for _printf_core
    printfa.o(i.__0vsprintf) refers to printfa.o(i._sputc) for _sputc
    printfa.o(i._fp_digits) refers (Special) to iusefp.o(.text) for __I$use$fp
    printfa.o(i._fp_digits) refers to dmul.o(.text) for __aeabi_dmul
    printfa.o(i._fp_digits) refers to ddiv.o(.text) for __aeabi_ddiv
    printfa.o(i._fp_digits) refers to cdrcmple.o(.text) for __aeabi_cdrcmple
    printfa.o(i._fp_digits) refers to dadd.o(.text) for __aeabi_dadd
    printfa.o(i._fp_digits) refers to dfixul.o(.text) for __aeabi_d2ulz
    printfa.o(i._fp_digits) refers to uldiv.o(.text) for __aeabi_uldivmod
    printfa.o(i._printf_core) refers (Special) to iusefp.o(.text) for __I$use$fp
    printfa.o(i._printf_core) refers to printfa.o(i._printf_pre_padding) for _printf_pre_padding
    printfa.o(i._printf_core) refers to uldiv.o(.text) for __aeabi_uldivmod
    printfa.o(i._printf_core) refers to printfa.o(i._printf_post_padding) for _printf_post_padding
    printfa.o(i._printf_core) refers to printfa.o(i._fp_digits) for _fp_digits
    printfa.o(i._printf_core) refers to uidiv.o(.text) for __aeabi_uidivmod
    printfa.o(i._printf_post_padding) refers (Special) to iusefp.o(.text) for __I$use$fp
    printfa.o(i._printf_pre_padding) refers (Special) to iusefp.o(.text) for __I$use$fp
    printfa.o(i._snputc) refers (Special) to iusefp.o(.text) for __I$use$fp
    printfa.o(i._sputc) refers (Special) to iusefp.o(.text) for __I$use$fp
    malloc.o(i.free) refers to mvars.o(.data) for __microlib_freelist
    malloc.o(i.malloc) refers to mvars.o(.data) for __microlib_freelist_initialised
    malloc.o(i.malloc) refers to mvars.o(.data) for __microlib_freelist
    malloc.o(i.malloc) refers to startup_stm32f10x_hd.o(HEAP) for __heap_base
    mallocr.o(i.__free$realloc) refers to mvars.o(.data) for __microlib_freelist
    mallocr.o(i.__malloc$realloc) refers to mallocr.o(i.internal_alloc) for internal_alloc
    mallocr.o(i.__malloc$realloc) refers to mvars.o(.data) for __microlib_freelist_initialised
    mallocr.o(i.__malloc$realloc) refers to startup_stm32f10x_hd.o(HEAP) for __heap_base
    mallocr.o(i.__malloc$realloc) refers to mvars.o(.data) for __microlib_freelist
    mallocr.o(i.internal_alloc) refers to memcpya.o(.text) for __aeabi_memcpy
    mallocr.o(i.internal_alloc) refers to mvars.o(.data) for __microlib_freelist
    mallocr.o(i.realloc) refers to mallocr.o(i.__free$realloc) for __free$realloc
    mallocr.o(i.realloc) refers to mallocr.o(i.internal_alloc) for internal_alloc
    mallocr.o(i.realloc) refers to mallocr.o(i.__malloc$realloc) for __malloc$realloc
    mallocr.o(i.realloc) refers to mvars.o(.data) for __microlib_freelist
    malloca.o(i.__aligned_malloc) refers to mvars.o(.data) for __microlib_freelist_initialised
    malloca.o(i.__aligned_malloc) refers to mvars.o(.data) for __microlib_freelist
    malloca.o(i.__aligned_malloc) refers to startup_stm32f10x_hd.o(HEAP) for __heap_base
    malloca.o(i.__free$memalign) refers to mvars.o(.data) for __microlib_freelist
    malloca.o(i.__malloc$memalign) refers to malloca.o(i.__aligned_malloc) for __aligned_malloc
    mallocra.o(i.__aligned_malloc$realloc) refers to mallocra.o(i.internal_alloc) for internal_alloc
    mallocra.o(i.__aligned_malloc$realloc) refers to mvars.o(.data) for __microlib_freelist_initialised
    mallocra.o(i.__aligned_malloc$realloc) refers to startup_stm32f10x_hd.o(HEAP) for __heap_base
    mallocra.o(i.__aligned_malloc$realloc) refers to mvars.o(.data) for __microlib_freelist
    mallocra.o(i.__free$realloc$memalign) refers to mvars.o(.data) for __microlib_freelist
    mallocra.o(i.__malloc$realloc$memalign) refers to mallocra.o(i.__aligned_malloc$realloc) for __aligned_malloc$realloc
    mallocra.o(i.__realloc$memalign) refers to mallocra.o(i.__free$realloc$memalign) for __free$realloc$memalign
    mallocra.o(i.__realloc$memalign) refers to mallocra.o(i.internal_alloc) for internal_alloc
    mallocra.o(i.__realloc$memalign) refers to mallocra.o(i.__malloc$realloc$memalign) for __malloc$realloc$memalign
    mallocra.o(i.__realloc$memalign) refers to mvars.o(.data) for __microlib_freelist
    mallocra.o(i.internal_alloc) refers to memcpya.o(.text) for __aeabi_memcpy
    mallocra.o(i.internal_alloc) refers to mvars.o(.data) for __microlib_freelist
    atoi.o(.text) refers to errno.o(i.__aeabi_errno_addr) for __aeabi_errno_addr
    atoi.o(.text) refers to strtol.o(.text) for strtol
    entry2.o(.ARM.Collect$$$$00000001) refers to entry2.o(.ARM.Collect$$$$00002712) for __lit__00000000
    entry2.o(.ARM.Collect$$$$00002712) refers to startup_stm32f10x_hd.o(STACK) for __initial_sp
    entry2.o(__vectab_stack_and_reset_area) refers to startup_stm32f10x_hd.o(STACK) for __initial_sp
    entry2.o(__vectab_stack_and_reset_area) refers to entry.o(.ARM.Collect$$$$00000000) for __main
    entry5.o(.ARM.Collect$$$$00000004) refers to init.o(.text) for __scatterload
    entry9a.o(.ARM.Collect$$$$0000000B) refers to main.o(.text) for main
    entry9b.o(.ARM.Collect$$$$0000000C) refers to main.o(.text) for main
    uldiv.o(.text) refers to llushr.o(.text) for __aeabi_llsr
    uldiv.o(.text) refers to llshl.o(.text) for __aeabi_llsl
    errno.o(i.__aeabi_errno_addr) refers to errno.o(.data) for .data
    errno.o(i.__read_errno) refers to errno.o(.data) for .data
    errno.o(i.__set_errno) refers to errno.o(.data) for .data
    strtol.o(.text) refers to ctype_o.o(.text) for __rt_ctype_table
    strtol.o(.text) refers to _strtoul.o(.text) for _strtoul
    strtol.o(.text) refers to errno.o(i.__aeabi_errno_addr) for __aeabi_errno_addr
    dadd.o(.text) refers to llshl.o(.text) for __aeabi_llsl
    dadd.o(.text) refers to llsshr.o(.text) for __aeabi_lasr
    dadd.o(.text) refers to depilogue.o(.text) for _double_epilogue
    dmul.o(.text) refers to depilogue.o(.text) for _double_epilogue
    ddiv.o(.text) refers to depilogue.o(.text) for _double_round
    dfixul.o(.text) refers to llushr.o(.text) for __aeabi_llsr
    dfixul.o(.text) refers to llshl.o(.text) for __aeabi_llsl
    init.o(.text) refers to entry5.o(.ARM.Collect$$$$00000004) for __main_after_scatterload
    ctype_o.o(.text) refers to ctype_o.o(.constdata) for .constdata
    ctype_o.o(.constdata) refers to ctype_o.o(.constdata) for __ctype_table
    isalnum_o.o(.text) refers to ctype_o.o(.text) for __rt_ctype_table
    isalpha_o.o(.text) refers to ctype_o.o(.text) for __rt_ctype_table
    isblank_o.o(.text) refers to ctype_o.o(.constdata) for __ctype_table
    iscntrl_o.o(.text) refers to ctype_o.o(.text) for __rt_ctype_table
    isdigit_o.o(.text) refers to ctype_o.o(.text) for __rt_ctype_table
    isgraph_o.o(.text) refers to ctype_o.o(.text) for __rt_ctype_table
    islower_o.o(.text) refers to ctype_o.o(.text) for __rt_ctype_table
    isprint_o.o(.text) refers to ctype_o.o(.text) for __rt_ctype_table
    ispunct_o.o(.text) refers to ctype_o.o(.text) for __rt_ctype_table
    isspace_o.o(.text) refers to ctype_o.o(.text) for __rt_ctype_table
    isupper_o.o(.text) refers to ctype_o.o(.text) for __rt_ctype_table
    isxdigit_o.o(.text) refers to ctype_o.o(.text) for __rt_ctype_table
    _strtoul.o(.text) refers to _chval.o(.text) for _chval
    _strtoul.o(.text) refers to errno.o(i.__aeabi_errno_addr) for __aeabi_errno_addr
    depilogue.o(.text) refers to llshl.o(.text) for __aeabi_llsl
    depilogue.o(.text) refers to llushr.o(.text) for __aeabi_llsr


==============================================================================

Removing Unused input sections from the image.

    Removing hmi.o(.text), (406 bytes).
    Removing stm32f10x_adc.o(.text), (1102 bytes).
    Removing stm32f10x_bkp.o(.text), (196 bytes).
    Removing stm32f10x_can.o(.text), (2544 bytes).
    Removing stm32f10x_cec.o(.text), (288 bytes).
    Removing stm32f10x_crc.o(.text), (72 bytes).
    Removing stm32f10x_dac.o(.text), (396 bytes).
    Removing stm32f10x_dbgmcu.o(.text), (48 bytes).
    Removing stm32f10x_dma.o(.text), (596 bytes).
    Removing stm32f10x_exti.o(.text), (284 bytes).
    Removing stm32f10x_flash.o(.text), (1468 bytes).
    Removing stm32f10x_fsmc.o(.text), (1548 bytes).
    Removing stm32f10x_i2c.o(.text), (1028 bytes).
    Removing stm32f10x_iwdg.o(.text), (64 bytes).
    Removing stm32f10x_pwr.o(.text), (204 bytes).
    Removing stm32f10x_rtc.o(.text), (328 bytes).
    Removing stm32f10x_sdio.o(.text), (468 bytes).
    Removing stm32f10x_spi.o(.text), (780 bytes).
    Removing stm32f10x_wwdg.o(.text), (136 bytes).
    Removing core_cm3.o(.emb_text), (32 bytes).
    Removing onenet.o(.data), (1 bytes).

21 unused section(s) (total 11989 bytes) removed from the image.

==============================================================================

Image Symbol Table

    Local Symbols

    Symbol Name                              Value     Ov Type        Size  Object(Section)

    ../clib/microlib/ctype/ctype.c           0x00000000   Number         0  isgraph_o.o ABSOLUTE
    ../clib/microlib/ctype/ctype.c           0x00000000   Number         0  islower_o.o ABSOLUTE
    ../clib/microlib/ctype/ctype.c           0x00000000   Number         0  isprint_o.o ABSOLUTE
    ../clib/microlib/ctype/ctype.c           0x00000000   Number         0  isblank_o.o ABSOLUTE
    ../clib/microlib/ctype/ctype.c           0x00000000   Number         0  ispunct_o.o ABSOLUTE
    ../clib/microlib/ctype/ctype.c           0x00000000   Number         0  isspace_o.o ABSOLUTE
    ../clib/microlib/ctype/ctype.c           0x00000000   Number         0  ctype_o.o ABSOLUTE
    ../clib/microlib/ctype/ctype.c           0x00000000   Number         0  isupper_o.o ABSOLUTE
    ../clib/microlib/ctype/ctype.c           0x00000000   Number         0  isalnum_o.o ABSOLUTE
    ../clib/microlib/ctype/ctype.c           0x00000000   Number         0  isalpha_o.o ABSOLUTE
    ../clib/microlib/ctype/ctype.c           0x00000000   Number         0  isxdigit_o.o ABSOLUTE
    ../clib/microlib/ctype/ctype.c           0x00000000   Number         0  iscntrl_o.o ABSOLUTE
    ../clib/microlib/ctype/ctype.c           0x00000000   Number         0  isdigit_o.o ABSOLUTE
    ../clib/microlib/division.c              0x00000000   Number         0  uidiv.o ABSOLUTE
    ../clib/microlib/division.c              0x00000000   Number         0  uldiv.o ABSOLUTE
    ../clib/microlib/errno.c                 0x00000000   Number         0  errno.o ABSOLUTE
    ../clib/microlib/init/entry.s            0x00000000   Number         0  entry2.o ABSOLUTE
    ../clib/microlib/init/entry.s            0x00000000   Number         0  entry7b.o ABSOLUTE
    ../clib/microlib/init/entry.s            0x00000000   Number         0  entry7a.o ABSOLUTE
    ../clib/microlib/init/entry.s            0x00000000   Number         0  entry8a.o ABSOLUTE
    ../clib/microlib/init/entry.s            0x00000000   Number         0  entry5.o ABSOLUTE
    ../clib/microlib/init/entry.s            0x00000000   Number         0  entry8b.o ABSOLUTE
    ../clib/microlib/init/entry.s            0x00000000   Number         0  entry.o ABSOLUTE
    ../clib/microlib/init/entry.s            0x00000000   Number         0  entry9a.o ABSOLUTE
    ../clib/microlib/init/entry.s            0x00000000   Number         0  entry9b.o ABSOLUTE
    ../clib/microlib/init/entry.s            0x00000000   Number         0  entry10a.o ABSOLUTE
    ../clib/microlib/init/entry.s            0x00000000   Number         0  entry10b.o ABSOLUTE
    ../clib/microlib/init/entry.s            0x00000000   Number         0  entry11a.o ABSOLUTE
    ../clib/microlib/init/entry.s            0x00000000   Number         0  entry11b.o ABSOLUTE
    ../clib/microlib/longlong.c              0x00000000   Number         0  llshl.o ABSOLUTE
    ../clib/microlib/longlong.c              0x00000000   Number         0  llushr.o ABSOLUTE
    ../clib/microlib/longlong.c              0x00000000   Number         0  llsshr.o ABSOLUTE
    ../clib/microlib/malloc/malloc.c         0x00000000   Number         0  mallocr.o ABSOLUTE
    ../clib/microlib/malloc/malloc.c         0x00000000   Number         0  malloc.o ABSOLUTE
    ../clib/microlib/malloc/malloc.c         0x00000000   Number         0  malloca.o ABSOLUTE
    ../clib/microlib/malloc/malloc.c         0x00000000   Number         0  mallocra.o ABSOLUTE
    ../clib/microlib/malloc/mvars.c          0x00000000   Number         0  mvars.o ABSOLUTE
    ../clib/microlib/printf/printf.c         0x00000000   Number         0  printf7.o ABSOLUTE
    ../clib/microlib/printf/printf.c         0x00000000   Number         0  printf6.o ABSOLUTE
    ../clib/microlib/printf/printf.c         0x00000000   Number         0  printf5.o ABSOLUTE
    ../clib/microlib/printf/printf.c         0x00000000   Number         0  printf4.o ABSOLUTE
    ../clib/microlib/printf/printf.c         0x00000000   Number         0  printf3.o ABSOLUTE
    ../clib/microlib/printf/printf.c         0x00000000   Number         0  printf2.o ABSOLUTE
    ../clib/microlib/printf/printf.c         0x00000000   Number         0  printf8.o ABSOLUTE
    ../clib/microlib/printf/printf.c         0x00000000   Number         0  printfa.o ABSOLUTE
    ../clib/microlib/printf/printf.c         0x00000000   Number         0  printf1.o ABSOLUTE
    ../clib/microlib/printf/printf.c         0x00000000   Number         0  printf0.o ABSOLUTE
    ../clib/microlib/printf/printf.c         0x00000000   Number         0  printfb.o ABSOLUTE
    ../clib/microlib/printf/stubs.s          0x00000000   Number         0  stubs.o ABSOLUTE
    ../clib/microlib/stdio/streams.c         0x00000000   Number         0  stdout.o ABSOLUTE
    ../clib/microlib/string/memcpy.c         0x00000000   Number         0  memcpya.o ABSOLUTE
    ../clib/microlib/string/memcpy.c         0x00000000   Number         0  memcpyb.o ABSOLUTE
    ../clib/microlib/string/memset.c         0x00000000   Number         0  memseta.o ABSOLUTE
    ../clib/microlib/string/strcat.c         0x00000000   Number         0  strcat.o ABSOLUTE
    ../clib/microlib/string/strchr.c         0x00000000   Number         0  strchr.o ABSOLUTE
    ../clib/microlib/string/strlen.c         0x00000000   Number         0  strlen.o ABSOLUTE
    ../clib/microlib/string/strncat.c        0x00000000   Number         0  strncat.o ABSOLUTE
    ../clib/microlib/string/strstr.c         0x00000000   Number         0  strstr.o ABSOLUTE
    ../clib/microlib/stubs.s                 0x00000000   Number         0  iusefp.o ABSOLUTE
    ../clib/scanf.c                          0x00000000   Number         0  _strtoul.o ABSOLUTE
    ../clib/scanf.c                          0x00000000   Number         0  _chval.o ABSOLUTE
    ../clib/scanf.c                          0x00000000   Number         0  strtol.o ABSOLUTE
    ../clib/scanf.c                          0x00000000   Number         0  atoi.o ABSOLUTE
    ../fplib/microlib/fpadd.c                0x00000000   Number         0  dadd.o ABSOLUTE
    ../fplib/microlib/fpdiv.c                0x00000000   Number         0  ddiv.o ABSOLUTE
    ../fplib/microlib/fpepilogue.c           0x00000000   Number         0  depilogue.o ABSOLUTE
    ../fplib/microlib/fpfix.c                0x00000000   Number         0  dfixul.o ABSOLUTE
    ../fplib/microlib/fpmul.c                0x00000000   Number         0  dmul.o ABSOLUTE
    CMSIS\\core_cm3.c                        0x00000000   Number         0  core_cm3.o ABSOLUTE
    CMSIS\core_cm3.c                         0x00000000   Number         0  core_cm3.o ABSOLUTE
    CMSIS\startup\arm\startup_stm32f10x_hd.s 0x00000000   Number         0  startup_stm32f10x_hd.o ABSOLUTE
    CMSIS\system_stm32f10x.c                 0x00000000   Number         0  system_stm32f10x.o ABSOLUTE
    FWlib\src\misc.c                         0x00000000   Number         0  misc.o ABSOLUTE
    FWlib\src\stm32f10x_adc.c                0x00000000   Number         0  stm32f10x_adc.o ABSOLUTE
    FWlib\src\stm32f10x_bkp.c                0x00000000   Number         0  stm32f10x_bkp.o ABSOLUTE
    FWlib\src\stm32f10x_can.c                0x00000000   Number         0  stm32f10x_can.o ABSOLUTE
    FWlib\src\stm32f10x_cec.c                0x00000000   Number         0  stm32f10x_cec.o ABSOLUTE
    FWlib\src\stm32f10x_crc.c                0x00000000   Number         0  stm32f10x_crc.o ABSOLUTE
    FWlib\src\stm32f10x_dac.c                0x00000000   Number         0  stm32f10x_dac.o ABSOLUTE
    FWlib\src\stm32f10x_dbgmcu.c             0x00000000   Number         0  stm32f10x_dbgmcu.o ABSOLUTE
    FWlib\src\stm32f10x_dma.c                0x00000000   Number         0  stm32f10x_dma.o ABSOLUTE
    FWlib\src\stm32f10x_exti.c               0x00000000   Number         0  stm32f10x_exti.o ABSOLUTE
    FWlib\src\stm32f10x_flash.c              0x00000000   Number         0  stm32f10x_flash.o ABSOLUTE
    FWlib\src\stm32f10x_fsmc.c               0x00000000   Number         0  stm32f10x_fsmc.o ABSOLUTE
    FWlib\src\stm32f10x_gpio.c               0x00000000   Number         0  stm32f10x_gpio.o ABSOLUTE
    FWlib\src\stm32f10x_i2c.c                0x00000000   Number         0  stm32f10x_i2c.o ABSOLUTE
    FWlib\src\stm32f10x_iwdg.c               0x00000000   Number         0  stm32f10x_iwdg.o ABSOLUTE
    FWlib\src\stm32f10x_pwr.c                0x00000000   Number         0  stm32f10x_pwr.o ABSOLUTE
    FWlib\src\stm32f10x_rcc.c                0x00000000   Number         0  stm32f10x_rcc.o ABSOLUTE
    FWlib\src\stm32f10x_rtc.c                0x00000000   Number         0  stm32f10x_rtc.o ABSOLUTE
    FWlib\src\stm32f10x_sdio.c               0x00000000   Number         0  stm32f10x_sdio.o ABSOLUTE
    FWlib\src\stm32f10x_spi.c                0x00000000   Number         0  stm32f10x_spi.o ABSOLUTE
    FWlib\src\stm32f10x_tim.c                0x00000000   Number         0  stm32f10x_tim.o ABSOLUTE
    FWlib\src\stm32f10x_usart.c              0x00000000   Number         0  stm32f10x_usart.o ABSOLUTE
    FWlib\src\stm32f10x_wwdg.c               0x00000000   Number         0  stm32f10x_wwdg.o ABSOLUTE
    USER\DELAY\delay.c                       0x00000000   Number         0  delay.o ABSOLUTE
    USER\EDP\EdpKit.c                        0x00000000   Number         0  edpkit.o ABSOLUTE
    USER\HMI\hmi.c                           0x00000000   Number         0  hmi.o ABSOLUTE
    USER\TIMER\timer.c                       0x00000000   Number         0  timer.o ABSOLUTE
    USER\dht11\dht11.c                       0x00000000   Number         0  dht11.o ABSOLUTE
    USER\esp8266\esp8266.c                   0x00000000   Number         0  esp8266.o ABSOLUTE
    USER\esp8266_send\esp8266_send.c         0x00000000   Number         0  esp8266_send.o ABSOLUTE
    USER\interface.c                         0x00000000   Number         0  interface.o ABSOLUTE
    USER\main.c                              0x00000000   Number         0  main.o ABSOLUTE
    USER\onenet\onenet.c                     0x00000000   Number         0  onenet.o ABSOLUTE
    USER\stm32f10x_it.c                      0x00000000   Number         0  stm32f10x_it.o ABSOLUTE
    USER\usart\usart.c                       0x00000000   Number         0  usart.o ABSOLUTE
    cdrcmple.s                               0x00000000   Number         0  cdrcmple.o ABSOLUTE
    dc.s                                     0x00000000   Number         0  dc.o ABSOLUTE
    handlers.s                               0x00000000   Number         0  handlers.o ABSOLUTE
    init.s                                   0x00000000   Number         0  init.o ABSOLUTE
    RESET                                    0x08000000   Section      304  startup_stm32f10x_hd.o(RESET)
    .ARM.Collect$$$$00000000                 0x08000130   Section        0  entry.o(.ARM.Collect$$$$00000000)
    .ARM.Collect$$$$00000001                 0x08000130   Section        4  entry2.o(.ARM.Collect$$$$00000001)
    .ARM.Collect$$$$00000004                 0x08000134   Section        4  entry5.o(.ARM.Collect$$$$00000004)
    .ARM.Collect$$$$00000008                 0x08000138   Section        0  entry7b.o(.ARM.Collect$$$$00000008)
    .ARM.Collect$$$$0000000A                 0x08000138   Section        0  entry8b.o(.ARM.Collect$$$$0000000A)
    .ARM.Collect$$$$0000000B                 0x08000138   Section        8  entry9a.o(.ARM.Collect$$$$0000000B)
    .ARM.Collect$$$$0000000D                 0x08000140   Section        0  entry10a.o(.ARM.Collect$$$$0000000D)
    .ARM.Collect$$$$0000000F                 0x08000140   Section        0  entry11a.o(.ARM.Collect$$$$0000000F)
    .ARM.Collect$$$$00002712                 0x08000140   Section        4  entry2.o(.ARM.Collect$$$$00002712)
    __lit__00000000                          0x08000140   Data           4  entry2.o(.ARM.Collect$$$$00002712)
    .text                                    0x08000144   Section       36  startup_stm32f10x_hd.o(.text)
    .text                                    0x08000168   Section        0  main.o(.text)
    .text                                    0x080001e0   Section        0  usart.o(.text)
    .text                                    0x0800052c   Section        0  dht11.o(.text)
    .text                                    0x080006cc   Section        0  timer.o(.text)
    .text                                    0x080007cc   Section        0  interface.o(.text)
    .text                                    0x08000864   Section        0  misc.o(.text)
    .text                                    0x08000940   Section        0  stm32f10x_gpio.o(.text)
    .text                                    0x08000c9c   Section        0  stm32f10x_rcc.o(.text)
    .text                                    0x08001040   Section        0  stm32f10x_tim.o(.text)
    TI4_Config                               0x080014e7   Thumb Code   130  stm32f10x_tim.o(.text)
    TI3_Config                               0x0800157b   Thumb Code   122  stm32f10x_tim.o(.text)
    TI2_Config                               0x0800160f   Thumb Code   130  stm32f10x_tim.o(.text)
    TI1_Config                               0x080016a3   Thumb Code   108  stm32f10x_tim.o(.text)
    .text                                    0x08001e5c   Section        0  stm32f10x_usart.o(.text)
    .text                                    0x08002264   Section        0  system_stm32f10x.o(.text)
    SetSysClockTo72                          0x08002265   Thumb Code   214  system_stm32f10x.o(.text)
    SetSysClock                              0x0800233b   Thumb Code     8  system_stm32f10x.o(.text)
    .text                                    0x08002444   Section        0  esp8266.o(.text)
    .text                                    0x08002774   Section        0  edpkit.o(.text)
    .text                                    0x08002f44   Section        0  onenet.o(.text)
    .text                                    0x080034e0   Section        0  esp8266_send.o(.text)
    .text                                    0x0800360c   Section        0  memcpya.o(.text)
    .text                                    0x08003630   Section        0  memseta.o(.text)
    .text                                    0x08003654   Section        0  strcat.o(.text)
    .text                                    0x0800366c   Section        0  strstr.o(.text)
    .text                                    0x08003690   Section        0  strchr.o(.text)
    .text                                    0x080036a4   Section        0  strlen.o(.text)
    .text                                    0x080036b2   Section        0  strncat.o(.text)
    .text                                    0x080036da   Section        0  atoi.o(.text)
    .text                                    0x080036f4   Section        0  uidiv.o(.text)
    .text                                    0x08003720   Section        0  uldiv.o(.text)
    .text                                    0x08003782   Section        0  strtol.o(.text)
    .text                                    0x080037f2   Section        0  iusefp.o(.text)
    .text                                    0x080037f2   Section        0  dadd.o(.text)
    .text                                    0x08003940   Section        0  dmul.o(.text)
    .text                                    0x08003a24   Section        0  ddiv.o(.text)
    .text                                    0x08003b02   Section        0  dfixul.o(.text)
    .text                                    0x08003b34   Section       48  cdrcmple.o(.text)
    .text                                    0x08003b64   Section       36  init.o(.text)
    .text                                    0x08003b88   Section        0  llshl.o(.text)
    .text                                    0x08003ba6   Section        0  llushr.o(.text)
    .text                                    0x08003bc6   Section        0  llsshr.o(.text)
    .text                                    0x08003bec   Section        0  ctype_o.o(.text)
    .text                                    0x08003bf4   Section        0  _strtoul.o(.text)
    .text                                    0x08003c92   Section        0  depilogue.o(.text)
    .text                                    0x08003d4c   Section        0  _chval.o(.text)
    i.__0printf$1                            0x08003d68   Section        0  printf1.o(i.__0printf$1)
    i.__0sprintf$1                           0x08003d88   Section        0  printf1.o(i.__0sprintf$1)
    i.__0vsnprintf                           0x08003db0   Section        0  printfa.o(i.__0vsnprintf)
    i.__aeabi_errno_addr                     0x08003dd4   Section        0  errno.o(i.__aeabi_errno_addr)
    i.__scatterload_copy                     0x08003ddc   Section       14  handlers.o(i.__scatterload_copy)
    i.__scatterload_null                     0x08003dea   Section        2  handlers.o(i.__scatterload_null)
    i.__scatterload_zeroinit                 0x08003dec   Section       14  handlers.o(i.__scatterload_zeroinit)
    i._fp_digits                             0x08003dfc   Section        0  printfa.o(i._fp_digits)
    _fp_digits                               0x08003dfd   Thumb Code   334  printfa.o(i._fp_digits)
    i._printf_core                           0x08003f60   Section        0  printf1.o(i._printf_core)
    _printf_core                             0x08003f61   Thumb Code   336  printf1.o(i._printf_core)
    i._printf_core                           0x080040b4   Section        0  printfa.o(i._printf_core)
    _printf_core                             0x080040b5   Thumb Code  1744  printfa.o(i._printf_core)
    i._printf_post_padding                   0x08004790   Section        0  printfa.o(i._printf_post_padding)
    _printf_post_padding                     0x08004791   Thumb Code    36  printfa.o(i._printf_post_padding)
    i._printf_pre_padding                    0x080047b4   Section        0  printfa.o(i._printf_pre_padding)
    _printf_pre_padding                      0x080047b5   Thumb Code    46  printfa.o(i._printf_pre_padding)
    i._snputc                                0x080047e2   Section        0  printfa.o(i._snputc)
    _snputc                                  0x080047e3   Thumb Code    22  printfa.o(i._snputc)
    i._sputc                                 0x080047f8   Section        0  printf1.o(i._sputc)
    _sputc                                   0x080047f9   Thumb Code    10  printf1.o(i._sputc)
    i.free                                   0x08004804   Section        0  malloc.o(i.free)
    i.malloc                                 0x08004854   Section        0  malloc.o(i.malloc)
    .constdata                               0x080048c0   Section      129  ctype_o.o(.constdata)
    .constdata                               0x08004944   Section        4  ctype_o.o(.constdata)
    table                                    0x08004944   Data           4  ctype_o.o(.constdata)
    .data                                    0x20000000   Section        2  usart.o(.data)
    .data                                    0x20000002   Section       20  stm32f10x_rcc.o(.data)
    APBAHBPrescTable                         0x20000002   Data          16  stm32f10x_rcc.o(.data)
    ADCPrescTable                            0x20000012   Data           4  stm32f10x_rcc.o(.data)
    .data                                    0x20000018   Section       20  system_stm32f10x.o(.data)
    .data                                    0x2000002c   Section        4  esp8266.o(.data)
    .data                                    0x20000030   Section        4  esp8266_send.o(.data)
    .data                                    0x20000034   Section        4  stdout.o(.data)
    .data                                    0x20000038   Section        4  mvars.o(.data)
    .data                                    0x2000003c   Section        4  mvars.o(.data)
    .data                                    0x20000040   Section        4  errno.o(.data)
    _errno                                   0x20000040   Data           4  errno.o(.data)
    .bss                                     0x20000044   Section      200  usart.o(.bss)
    .bss                                     0x2000010c   Section      128  esp8266.o(.bss)
    HEAP                                     0x20000190   Section      512  startup_stm32f10x_hd.o(HEAP)
    STACK                                    0x20000390   Section     1024  startup_stm32f10x_hd.o(STACK)

    Global Symbols

    Symbol Name                              Value     Ov Type        Size  Object(Section)

    BuildAttributes$$THM_ISAv4$P$D$K$B$S$PE$A:L22UL41UL21$X:L11$S22US41US21$IEEE1$IW$USESV6$~STKCKD$USESV7$~SHL$OSPACE$ROPI$EBA8$MICROLIB$REQ8$PRES8$EABIv2 0x00000000   Number         0  anon$$obj.o ABSOLUTE
    __ARM_use_no_argv                        0x00000000   Number         0  main.o ABSOLUTE
    _printf_a                                0x00000000   Number         0  stubs.o ABSOLUTE
    _printf_c                                0x00000000   Number         0  stubs.o ABSOLUTE
    _printf_charcount                        0x00000000   Number         0  stubs.o ABSOLUTE
    _printf_d                                0x00000000   Number         0  stubs.o ABSOLUTE
    _printf_e                                0x00000000   Number         0  stubs.o ABSOLUTE
    _printf_f                                0x00000000   Number         0  stubs.o ABSOLUTE
    _printf_flags                            0x00000000   Number         0  stubs.o ABSOLUTE
    _printf_fp_dec                           0x00000000   Number         0  stubs.o ABSOLUTE
    _printf_fp_hex                           0x00000000   Number         0  stubs.o ABSOLUTE
    _printf_g                                0x00000000   Number         0  stubs.o ABSOLUTE
    _printf_i                                0x00000000   Number         0  stubs.o ABSOLUTE
    _printf_int_dec                          0x00000000   Number         0  stubs.o ABSOLUTE
    _printf_l                                0x00000000   Number         0  stubs.o ABSOLUTE
    _printf_lc                               0x00000000   Number         0  stubs.o ABSOLUTE
    _printf_ll                               0x00000000   Number         0  stubs.o ABSOLUTE
    _printf_lld                              0x00000000   Number         0  stubs.o ABSOLUTE
    _printf_lli                              0x00000000   Number         0  stubs.o ABSOLUTE
    _printf_llo                              0x00000000   Number         0  stubs.o ABSOLUTE
    _printf_llu                              0x00000000   Number         0  stubs.o ABSOLUTE
    _printf_llx                              0x00000000   Number         0  stubs.o ABSOLUTE
    _printf_longlong_dec                     0x00000000   Number         0  stubs.o ABSOLUTE
    _printf_longlong_hex                     0x00000000   Number         0  stubs.o ABSOLUTE
    _printf_longlong_oct                     0x00000000   Number         0  stubs.o ABSOLUTE
    _printf_ls                               0x00000000   Number         0  stubs.o ABSOLUTE
    _printf_mbtowc                           0x00000000   Number         0  stubs.o ABSOLUTE
    _printf_n                                0x00000000   Number         0  stubs.o ABSOLUTE
    _printf_o                                0x00000000   Number         0  stubs.o ABSOLUTE
    _printf_p                                0x00000000   Number         0  stubs.o ABSOLUTE
    _printf_percent                          0x00000000   Number         0  stubs.o ABSOLUTE
    _printf_pre_padding                      0x00000000   Number         0  stubs.o ABSOLUTE
    _printf_return_value                     0x00000000   Number         0  stubs.o ABSOLUTE
    _printf_s                                0x00000000   Number         0  stubs.o ABSOLUTE
    _printf_sizespec                         0x00000000   Number         0  stubs.o ABSOLUTE
    _printf_str                              0x00000000   Number         0  stubs.o ABSOLUTE
    _printf_truncate_signed                  0x00000000   Number         0  stubs.o ABSOLUTE
    _printf_truncate_unsigned                0x00000000   Number         0  stubs.o ABSOLUTE
    _printf_u                                0x00000000   Number         0  stubs.o ABSOLUTE
    _printf_wc                               0x00000000   Number         0  stubs.o ABSOLUTE
    _printf_wctomb                           0x00000000   Number         0  stubs.o ABSOLUTE
    _printf_widthprec                        0x00000000   Number         0  stubs.o ABSOLUTE
    _printf_x                                0x00000000   Number         0  stubs.o ABSOLUTE
    __cpp_initialize__aeabi_                  - Undefined Weak Reference
    __cxa_finalize                            - Undefined Weak Reference
    __decompress                              - Undefined Weak Reference
    _clock_init                               - Undefined Weak Reference
    _microlib_exit                            - Undefined Weak Reference
    __Vectors_Size                           0x00000130   Number         0  startup_stm32f10x_hd.o ABSOLUTE
    __Vectors                                0x08000000   Data           4  startup_stm32f10x_hd.o(RESET)
    __Vectors_End                            0x08000130   Data           0  startup_stm32f10x_hd.o(RESET)
    __main                                   0x08000131   Thumb Code     0  entry.o(.ARM.Collect$$$$00000000)
    _main_stk                                0x08000131   Thumb Code     0  entry2.o(.ARM.Collect$$$$00000001)
    _main_scatterload                        0x08000135   Thumb Code     0  entry5.o(.ARM.Collect$$$$00000004)
    __main_after_scatterload                 0x08000139   Thumb Code     0  entry5.o(.ARM.Collect$$$$00000004)
    _main_clock                              0x08000139   Thumb Code     0  entry7b.o(.ARM.Collect$$$$00000008)
    _main_cpp_init                           0x08000139   Thumb Code     0  entry8b.o(.ARM.Collect$$$$0000000A)
    _main_init                               0x08000139   Thumb Code     0  entry9a.o(.ARM.Collect$$$$0000000B)
    __rt_final_cpp                           0x08000141   Thumb Code     0  entry10a.o(.ARM.Collect$$$$0000000D)
    __rt_final_exit                          0x08000141   Thumb Code     0  entry11a.o(.ARM.Collect$$$$0000000F)
    Reset_Handler                            0x08000145   Thumb Code     8  startup_stm32f10x_hd.o(.text)
    NMI_Handler                              0x0800014d   Thumb Code     2  startup_stm32f10x_hd.o(.text)
    HardFault_Handler                        0x0800014f   Thumb Code     2  startup_stm32f10x_hd.o(.text)
    MemManage_Handler                        0x08000151   Thumb Code     2  startup_stm32f10x_hd.o(.text)
    BusFault_Handler                         0x08000153   Thumb Code     2  startup_stm32f10x_hd.o(.text)
    UsageFault_Handler                       0x08000155   Thumb Code     2  startup_stm32f10x_hd.o(.text)
    SVC_Handler                              0x08000157   Thumb Code     2  startup_stm32f10x_hd.o(.text)
    DebugMon_Handler                         0x08000159   Thumb Code     2  startup_stm32f10x_hd.o(.text)
    PendSV_Handler                           0x0800015b   Thumb Code     2  startup_stm32f10x_hd.o(.text)
    SysTick_Handler                          0x0800015d   Thumb Code     2  startup_stm32f10x_hd.o(.text)
    ADC1_2_IRQHandler                        0x0800015f   Thumb Code     0  startup_stm32f10x_hd.o(.text)
    ADC3_IRQHandler                          0x0800015f   Thumb Code     0  startup_stm32f10x_hd.o(.text)
    CAN1_RX1_IRQHandler                      0x0800015f   Thumb Code     0  startup_stm32f10x_hd.o(.text)
    CAN1_SCE_IRQHandler                      0x0800015f   Thumb Code     0  startup_stm32f10x_hd.o(.text)
    DMA1_Channel1_IRQHandler                 0x0800015f   Thumb Code     0  startup_stm32f10x_hd.o(.text)
    DMA1_Channel2_IRQHandler                 0x0800015f   Thumb Code     0  startup_stm32f10x_hd.o(.text)
    DMA1_Channel3_IRQHandler                 0x0800015f   Thumb Code     0  startup_stm32f10x_hd.o(.text)
    DMA1_Channel4_IRQHandler                 0x0800015f   Thumb Code     0  startup_stm32f10x_hd.o(.text)
    DMA1_Channel5_IRQHandler                 0x0800015f   Thumb Code     0  startup_stm32f10x_hd.o(.text)
    DMA1_Channel6_IRQHandler                 0x0800015f   Thumb Code     0  startup_stm32f10x_hd.o(.text)
    DMA1_Channel7_IRQHandler                 0x0800015f   Thumb Code     0  startup_stm32f10x_hd.o(.text)
    DMA2_Channel1_IRQHandler                 0x0800015f   Thumb Code     0  startup_stm32f10x_hd.o(.text)
    DMA2_Channel2_IRQHandler                 0x0800015f   Thumb Code     0  startup_stm32f10x_hd.o(.text)
    DMA2_Channel3_IRQHandler                 0x0800015f   Thumb Code     0  startup_stm32f10x_hd.o(.text)
    DMA2_Channel4_5_IRQHandler               0x0800015f   Thumb Code     0  startup_stm32f10x_hd.o(.text)
    EXTI0_IRQHandler                         0x0800015f   Thumb Code     0  startup_stm32f10x_hd.o(.text)
    EXTI15_10_IRQHandler                     0x0800015f   Thumb Code     0  startup_stm32f10x_hd.o(.text)
    EXTI1_IRQHandler                         0x0800015f   Thumb Code     0  startup_stm32f10x_hd.o(.text)
    EXTI2_IRQHandler                         0x0800015f   Thumb Code     0  startup_stm32f10x_hd.o(.text)
    EXTI3_IRQHandler                         0x0800015f   Thumb Code     0  startup_stm32f10x_hd.o(.text)
    EXTI4_IRQHandler                         0x0800015f   Thumb Code     0  startup_stm32f10x_hd.o(.text)
    EXTI9_5_IRQHandler                       0x0800015f   Thumb Code     0  startup_stm32f10x_hd.o(.text)
    FLASH_IRQHandler                         0x0800015f   Thumb Code     0  startup_stm32f10x_hd.o(.text)
    FSMC_IRQHandler                          0x0800015f   Thumb Code     0  startup_stm32f10x_hd.o(.text)
    I2C1_ER_IRQHandler                       0x0800015f   Thumb Code     0  startup_stm32f10x_hd.o(.text)
    I2C1_EV_IRQHandler                       0x0800015f   Thumb Code     0  startup_stm32f10x_hd.o(.text)
    I2C2_ER_IRQHandler                       0x0800015f   Thumb Code     0  startup_stm32f10x_hd.o(.text)
    I2C2_EV_IRQHandler                       0x0800015f   Thumb Code     0  startup_stm32f10x_hd.o(.text)
    PVD_IRQHandler                           0x0800015f   Thumb Code     0  startup_stm32f10x_hd.o(.text)
    RCC_IRQHandler                           0x0800015f   Thumb Code     0  startup_stm32f10x_hd.o(.text)
    RTCAlarm_IRQHandler                      0x0800015f   Thumb Code     0  startup_stm32f10x_hd.o(.text)
    RTC_IRQHandler                           0x0800015f   Thumb Code     0  startup_stm32f10x_hd.o(.text)
    SDIO_IRQHandler                          0x0800015f   Thumb Code     0  startup_stm32f10x_hd.o(.text)
    SPI1_IRQHandler                          0x0800015f   Thumb Code     0  startup_stm32f10x_hd.o(.text)
    SPI2_IRQHandler                          0x0800015f   Thumb Code     0  startup_stm32f10x_hd.o(.text)
    SPI3_IRQHandler                          0x0800015f   Thumb Code     0  startup_stm32f10x_hd.o(.text)
    TAMPER_IRQHandler                        0x0800015f   Thumb Code     0  startup_stm32f10x_hd.o(.text)
    TIM1_BRK_IRQHandler                      0x0800015f   Thumb Code     0  startup_stm32f10x_hd.o(.text)
    TIM1_CC_IRQHandler                       0x0800015f   Thumb Code     0  startup_stm32f10x_hd.o(.text)
    TIM1_TRG_COM_IRQHandler                  0x0800015f   Thumb Code     0  startup_stm32f10x_hd.o(.text)
    TIM1_UP_IRQHandler                       0x0800015f   Thumb Code     0  startup_stm32f10x_hd.o(.text)
    TIM2_IRQHandler                          0x0800015f   Thumb Code     0  startup_stm32f10x_hd.o(.text)
    TIM4_IRQHandler                          0x0800015f   Thumb Code     0  startup_stm32f10x_hd.o(.text)
    TIM5_IRQHandler                          0x0800015f   Thumb Code     0  startup_stm32f10x_hd.o(.text)
    TIM6_IRQHandler                          0x0800015f   Thumb Code     0  startup_stm32f10x_hd.o(.text)
    TIM7_IRQHandler                          0x0800015f   Thumb Code     0  startup_stm32f10x_hd.o(.text)
    TIM8_BRK_IRQHandler                      0x0800015f   Thumb Code     0  startup_stm32f10x_hd.o(.text)
    TIM8_CC_IRQHandler                       0x0800015f   Thumb Code     0  startup_stm32f10x_hd.o(.text)
    TIM8_TRG_COM_IRQHandler                  0x0800015f   Thumb Code     0  startup_stm32f10x_hd.o(.text)
    TIM8_UP_IRQHandler                       0x0800015f   Thumb Code     0  startup_stm32f10x_hd.o(.text)
    UART4_IRQHandler                         0x0800015f   Thumb Code     0  startup_stm32f10x_hd.o(.text)
    UART5_IRQHandler                         0x0800015f   Thumb Code     0  startup_stm32f10x_hd.o(.text)
    USBWakeUp_IRQHandler                     0x0800015f   Thumb Code     0  startup_stm32f10x_hd.o(.text)
    USB_HP_CAN1_TX_IRQHandler                0x0800015f   Thumb Code     0  startup_stm32f10x_hd.o(.text)
    USB_LP_CAN1_RX0_IRQHandler               0x0800015f   Thumb Code     0  startup_stm32f10x_hd.o(.text)
    WWDG_IRQHandler                          0x0800015f   Thumb Code     0  startup_stm32f10x_hd.o(.text)
    main                                     0x08000169   Thumb Code    94  main.o(.text)
    fputc                                    0x080001e1   Thumb Code    32  usart.o(.text)
    GetKey                                   0x08000201   Thumb Code    26  usart.o(.text)
    Usart1_Init                              0x0800021b   Thumb Code   166  usart.o(.text)
    Usart2_Init                              0x080002c1   Thumb Code   162  usart.o(.text)
    Usart_SendString                         0x08000363   Thumb Code    50  usart.o(.text)
    UsartPrintf                              0x08000395   Thumb Code    72  usart.o(.text)
    USART1_IRQHandler                        0x080003dd   Thumb Code    24  usart.o(.text)
    uart3_init                               0x080003f5   Thumb Code   160  usart.o(.text)
    USART3_IRQHandler                        0x08000495   Thumb Code   122  usart.o(.text)
    DHT11_Rst                                0x0800052d   Thumb Code    52  dht11.o(.text)
    DHT11_Check                              0x08000561   Thumb Code    96  dht11.o(.text)
    DHT11_Read_Bit                           0x080005c1   Thumb Code    76  dht11.o(.text)
    DHT11_Read_Byte                          0x0800060d   Thumb Code    30  dht11.o(.text)
    DHT11_Read_Data                          0x0800062b   Thumb Code    88  dht11.o(.text)
    DHT11_Init                               0x08000683   Thumb Code    62  dht11.o(.text)
    TIM3_Int_Init                            0x080006cd   Thumb Code    90  timer.o(.text)
    TIM3_IRQHandler                          0x08000727   Thumb Code    22  timer.o(.text)
    TIM3_PWM_Init                            0x0800073d   Thumb Code   130  timer.o(.text)
    delay_init                               0x080007cd   Thumb Code    18  interface.o(.text)
    Delay_us                                 0x080007df   Thumb Code    48  interface.o(.text)
    Delayms                                  0x0800080f   Thumb Code    24  interface.o(.text)
    GPIOCLKInit                              0x08000827   Thumb Code    60  interface.o(.text)
    NVIC_PriorityGroupConfig                 0x08000865   Thumb Code    10  misc.o(.text)
    NVIC_Init                                0x0800086f   Thumb Code   100  misc.o(.text)
    NVIC_SetVectorTable                      0x080008d3   Thumb Code    14  misc.o(.text)
    NVIC_SystemLPConfig                      0x080008e1   Thumb Code    34  misc.o(.text)
    SysTick_CLKSourceConfig                  0x08000903   Thumb Code    40  misc.o(.text)
    GPIO_DeInit                              0x08000941   Thumb Code   172  stm32f10x_gpio.o(.text)
    GPIO_AFIODeInit                          0x080009ed   Thumb Code    20  stm32f10x_gpio.o(.text)
    GPIO_Init                                0x08000a01   Thumb Code   278  stm32f10x_gpio.o(.text)
    GPIO_StructInit                          0x08000b17   Thumb Code    16  stm32f10x_gpio.o(.text)
    GPIO_ReadInputDataBit                    0x08000b27   Thumb Code    18  stm32f10x_gpio.o(.text)
    GPIO_ReadInputData                       0x08000b39   Thumb Code     8  stm32f10x_gpio.o(.text)
    GPIO_ReadOutputDataBit                   0x08000b41   Thumb Code    18  stm32f10x_gpio.o(.text)
    GPIO_ReadOutputData                      0x08000b53   Thumb Code     8  stm32f10x_gpio.o(.text)
    GPIO_SetBits                             0x08000b5b   Thumb Code     4  stm32f10x_gpio.o(.text)
    GPIO_ResetBits                           0x08000b5f   Thumb Code     4  stm32f10x_gpio.o(.text)
    GPIO_WriteBit                            0x08000b63   Thumb Code    10  stm32f10x_gpio.o(.text)
    GPIO_Write                               0x08000b6d   Thumb Code     4  stm32f10x_gpio.o(.text)
    GPIO_PinLockConfig                       0x08000b71   Thumb Code    18  stm32f10x_gpio.o(.text)
    GPIO_EventOutputConfig                   0x08000b83   Thumb Code    26  stm32f10x_gpio.o(.text)
    GPIO_EventOutputCmd                      0x08000b9d   Thumb Code     6  stm32f10x_gpio.o(.text)
    GPIO_PinRemapConfig                      0x08000ba3   Thumb Code   138  stm32f10x_gpio.o(.text)
    GPIO_EXTILineConfig                      0x08000c2d   Thumb Code    66  stm32f10x_gpio.o(.text)
    GPIO_ETH_MediaInterfaceConfig            0x08000c6f   Thumb Code     8  stm32f10x_gpio.o(.text)
    RCC_DeInit                               0x08000c9d   Thumb Code    64  stm32f10x_rcc.o(.text)
    RCC_HSEConfig                            0x08000cdd   Thumb Code    70  stm32f10x_rcc.o(.text)
    RCC_GetFlagStatus                        0x08000d23   Thumb Code    56  stm32f10x_rcc.o(.text)
    RCC_WaitForHSEStartUp                    0x08000d5b   Thumb Code    56  stm32f10x_rcc.o(.text)
    RCC_AdjustHSICalibrationValue            0x08000d93   Thumb Code    20  stm32f10x_rcc.o(.text)
    RCC_HSICmd                               0x08000da7   Thumb Code     6  stm32f10x_rcc.o(.text)
    RCC_PLLConfig                            0x08000dad   Thumb Code    24  stm32f10x_rcc.o(.text)
    RCC_PLLCmd                               0x08000dc5   Thumb Code     6  stm32f10x_rcc.o(.text)
    RCC_SYSCLKConfig                         0x08000dcb   Thumb Code    18  stm32f10x_rcc.o(.text)
    RCC_GetSYSCLKSource                      0x08000ddd   Thumb Code    10  stm32f10x_rcc.o(.text)
    RCC_HCLKConfig                           0x08000de7   Thumb Code    18  stm32f10x_rcc.o(.text)
    RCC_PCLK1Config                          0x08000df9   Thumb Code    18  stm32f10x_rcc.o(.text)
    RCC_PCLK2Config                          0x08000e0b   Thumb Code    20  stm32f10x_rcc.o(.text)
    RCC_ITConfig                             0x08000e1f   Thumb Code    26  stm32f10x_rcc.o(.text)
    RCC_USBCLKConfig                         0x08000e39   Thumb Code     8  stm32f10x_rcc.o(.text)
    RCC_ADCCLKConfig                         0x08000e41   Thumb Code    18  stm32f10x_rcc.o(.text)
    RCC_LSEConfig                            0x08000e53   Thumb Code    50  stm32f10x_rcc.o(.text)
    RCC_LSICmd                               0x08000e85   Thumb Code     6  stm32f10x_rcc.o(.text)
    RCC_RTCCLKConfig                         0x08000e8b   Thumb Code    12  stm32f10x_rcc.o(.text)
    RCC_RTCCLKCmd                            0x08000e97   Thumb Code     8  stm32f10x_rcc.o(.text)
    RCC_GetClocksFreq                        0x08000e9f   Thumb Code   192  stm32f10x_rcc.o(.text)
    RCC_AHBPeriphClockCmd                    0x08000f5f   Thumb Code    26  stm32f10x_rcc.o(.text)
    RCC_APB2PeriphClockCmd                   0x08000f79   Thumb Code    26  stm32f10x_rcc.o(.text)
    RCC_APB1PeriphClockCmd                   0x08000f93   Thumb Code    26  stm32f10x_rcc.o(.text)
    RCC_APB2PeriphResetCmd                   0x08000fad   Thumb Code    26  stm32f10x_rcc.o(.text)
    RCC_APB1PeriphResetCmd                   0x08000fc7   Thumb Code    26  stm32f10x_rcc.o(.text)
    RCC_BackupResetCmd                       0x08000fe1   Thumb Code     8  stm32f10x_rcc.o(.text)
    RCC_ClockSecuritySystemCmd               0x08000fe9   Thumb Code     6  stm32f10x_rcc.o(.text)
    RCC_MCOConfig                            0x08000fef   Thumb Code     6  stm32f10x_rcc.o(.text)
    RCC_ClearFlag                            0x08000ff5   Thumb Code    14  stm32f10x_rcc.o(.text)
    RCC_GetITStatus                          0x08001003   Thumb Code    20  stm32f10x_rcc.o(.text)
    RCC_ClearITPendingBit                    0x08001017   Thumb Code     6  stm32f10x_rcc.o(.text)
    TIM_DeInit                               0x08001041   Thumb Code   424  stm32f10x_tim.o(.text)
    TIM_TimeBaseInit                         0x080011e9   Thumb Code   122  stm32f10x_tim.o(.text)
    TIM_OC1Init                              0x08001263   Thumb Code   132  stm32f10x_tim.o(.text)
    TIM_OC2Init                              0x080012e7   Thumb Code   154  stm32f10x_tim.o(.text)
    TIM_OC3Init                              0x08001381   Thumb Code   150  stm32f10x_tim.o(.text)
    TIM_OC4Init                              0x08001417   Thumb Code   182  stm32f10x_tim.o(.text)
    TIM_SetIC4Prescaler                      0x080014cd   Thumb Code    26  stm32f10x_tim.o(.text)
    TIM_SetIC3Prescaler                      0x08001569   Thumb Code    18  stm32f10x_tim.o(.text)
    TIM_SetIC2Prescaler                      0x080015f5   Thumb Code    26  stm32f10x_tim.o(.text)
    TIM_SetIC1Prescaler                      0x08001691   Thumb Code    18  stm32f10x_tim.o(.text)
    TIM_ICInit                               0x0800170f   Thumb Code   150  stm32f10x_tim.o(.text)
    TIM_PWMIConfig                           0x080017a5   Thumb Code   124  stm32f10x_tim.o(.text)
    TIM_BDTRConfig                           0x08001821   Thumb Code    32  stm32f10x_tim.o(.text)
    TIM_TimeBaseStructInit                   0x08001841   Thumb Code    18  stm32f10x_tim.o(.text)
    TIM_OCStructInit                         0x08001853   Thumb Code    20  stm32f10x_tim.o(.text)
    TIM_ICStructInit                         0x08001867   Thumb Code    18  stm32f10x_tim.o(.text)
    TIM_BDTRStructInit                       0x08001879   Thumb Code    40  stm32f10x_tim.o(.text)
    TIM_Cmd                                  0x080018a1   Thumb Code    24  stm32f10x_tim.o(.text)
    TIM_CtrlPWMOutputs                       0x080018b9   Thumb Code    30  stm32f10x_tim.o(.text)
    TIM_ITConfig                             0x080018d7   Thumb Code    18  stm32f10x_tim.o(.text)
    TIM_GenerateEvent                        0x080018e9   Thumb Code     4  stm32f10x_tim.o(.text)
    TIM_DMAConfig                            0x080018ed   Thumb Code    10  stm32f10x_tim.o(.text)
    TIM_DMACmd                               0x080018f7   Thumb Code    18  stm32f10x_tim.o(.text)
    TIM_InternalClockConfig                  0x08001909   Thumb Code    12  stm32f10x_tim.o(.text)
    TIM_SelectInputTrigger                   0x08001915   Thumb Code    18  stm32f10x_tim.o(.text)
    TIM_ITRxExternalClockConfig              0x08001927   Thumb Code    24  stm32f10x_tim.o(.text)
    TIM_TIxExternalClockConfig               0x0800193f   Thumb Code    62  stm32f10x_tim.o(.text)
    TIM_ETRConfig                            0x0800197d   Thumb Code    28  stm32f10x_tim.o(.text)
    TIM_ETRClockMode1Config                  0x08001999   Thumb Code    54  stm32f10x_tim.o(.text)
    TIM_ETRClockMode2Config                  0x080019cf   Thumb Code    32  stm32f10x_tim.o(.text)
    TIM_PrescalerConfig                      0x080019ef   Thumb Code     6  stm32f10x_tim.o(.text)
    TIM_CounterModeConfig                    0x080019f5   Thumb Code    18  stm32f10x_tim.o(.text)
    TIM_EncoderInterfaceConfig               0x08001a07   Thumb Code    66  stm32f10x_tim.o(.text)
    TIM_ForcedOC1Config                      0x08001a49   Thumb Code    18  stm32f10x_tim.o(.text)
    TIM_ForcedOC2Config                      0x08001a5b   Thumb Code    26  stm32f10x_tim.o(.text)
    TIM_ForcedOC3Config                      0x08001a75   Thumb Code    18  stm32f10x_tim.o(.text)
    TIM_ForcedOC4Config                      0x08001a87   Thumb Code    26  stm32f10x_tim.o(.text)
    TIM_ARRPreloadConfig                     0x08001aa1   Thumb Code    24  stm32f10x_tim.o(.text)
    TIM_SelectCOM                            0x08001ab9   Thumb Code    24  stm32f10x_tim.o(.text)
    TIM_SelectCCDMA                          0x08001ad1   Thumb Code    24  stm32f10x_tim.o(.text)
    TIM_CCPreloadControl                     0x08001ae9   Thumb Code    24  stm32f10x_tim.o(.text)
    TIM_OC1PreloadConfig                     0x08001b01   Thumb Code    18  stm32f10x_tim.o(.text)
    TIM_OC2PreloadConfig                     0x08001b13   Thumb Code    26  stm32f10x_tim.o(.text)
    TIM_OC3PreloadConfig                     0x08001b2d   Thumb Code    18  stm32f10x_tim.o(.text)
    TIM_OC4PreloadConfig                     0x08001b3f   Thumb Code    26  stm32f10x_tim.o(.text)
    TIM_OC1FastConfig                        0x08001b59   Thumb Code    18  stm32f10x_tim.o(.text)
    TIM_OC2FastConfig                        0x08001b6b   Thumb Code    26  stm32f10x_tim.o(.text)
    TIM_OC3FastConfig                        0x08001b85   Thumb Code    18  stm32f10x_tim.o(.text)
    TIM_OC4FastConfig                        0x08001b97   Thumb Code    26  stm32f10x_tim.o(.text)
    TIM_ClearOC1Ref                          0x08001bb1   Thumb Code    18  stm32f10x_tim.o(.text)
    TIM_ClearOC2Ref                          0x08001bc3   Thumb Code    24  stm32f10x_tim.o(.text)
    TIM_ClearOC3Ref                          0x08001bdb   Thumb Code    18  stm32f10x_tim.o(.text)
    TIM_ClearOC4Ref                          0x08001bed   Thumb Code    24  stm32f10x_tim.o(.text)
    TIM_OC1PolarityConfig                    0x08001c05   Thumb Code    18  stm32f10x_tim.o(.text)
    TIM_OC1NPolarityConfig                   0x08001c17   Thumb Code    18  stm32f10x_tim.o(.text)
    TIM_OC2PolarityConfig                    0x08001c29   Thumb Code    26  stm32f10x_tim.o(.text)
    TIM_OC2NPolarityConfig                   0x08001c43   Thumb Code    26  stm32f10x_tim.o(.text)
    TIM_OC3PolarityConfig                    0x08001c5d   Thumb Code    26  stm32f10x_tim.o(.text)
    TIM_OC3NPolarityConfig                   0x08001c77   Thumb Code    26  stm32f10x_tim.o(.text)
    TIM_OC4PolarityConfig                    0x08001c91   Thumb Code    26  stm32f10x_tim.o(.text)
    TIM_CCxCmd                               0x08001cab   Thumb Code    30  stm32f10x_tim.o(.text)
    TIM_CCxNCmd                              0x08001cc9   Thumb Code    30  stm32f10x_tim.o(.text)
    TIM_SelectOCxM                           0x08001ce7   Thumb Code    82  stm32f10x_tim.o(.text)
    TIM_UpdateDisableConfig                  0x08001d39   Thumb Code    24  stm32f10x_tim.o(.text)
    TIM_UpdateRequestConfig                  0x08001d51   Thumb Code    24  stm32f10x_tim.o(.text)
    TIM_SelectHallSensor                     0x08001d69   Thumb Code    24  stm32f10x_tim.o(.text)
    TIM_SelectOnePulseMode                   0x08001d81   Thumb Code    18  stm32f10x_tim.o(.text)
    TIM_SelectOutputTrigger                  0x08001d93   Thumb Code    18  stm32f10x_tim.o(.text)
    TIM_SelectSlaveMode                      0x08001da5   Thumb Code    18  stm32f10x_tim.o(.text)
    TIM_SelectMasterSlaveMode                0x08001db7   Thumb Code    18  stm32f10x_tim.o(.text)
    TIM_SetCounter                           0x08001dc9   Thumb Code     4  stm32f10x_tim.o(.text)
    TIM_SetAutoreload                        0x08001dcd   Thumb Code     4  stm32f10x_tim.o(.text)
    TIM_SetCompare1                          0x08001dd1   Thumb Code     4  stm32f10x_tim.o(.text)
    TIM_SetCompare2                          0x08001dd5   Thumb Code     4  stm32f10x_tim.o(.text)
    TIM_SetCompare3                          0x08001dd9   Thumb Code     4  stm32f10x_tim.o(.text)
    TIM_SetCompare4                          0x08001ddd   Thumb Code     6  stm32f10x_tim.o(.text)
    TIM_SetClockDivision                     0x08001de3   Thumb Code    18  stm32f10x_tim.o(.text)
    TIM_GetCapture1                          0x08001df5   Thumb Code     6  stm32f10x_tim.o(.text)
    TIM_GetCapture2                          0x08001dfb   Thumb Code     6  stm32f10x_tim.o(.text)
    TIM_GetCapture3                          0x08001e01   Thumb Code     6  stm32f10x_tim.o(.text)
    TIM_GetCapture4                          0x08001e07   Thumb Code     8  stm32f10x_tim.o(.text)
    TIM_GetCounter                           0x08001e0f   Thumb Code     6  stm32f10x_tim.o(.text)
    TIM_GetPrescaler                         0x08001e15   Thumb Code     6  stm32f10x_tim.o(.text)
    TIM_GetFlagStatus                        0x08001e1b   Thumb Code    18  stm32f10x_tim.o(.text)
    TIM_ClearFlag                            0x08001e2d   Thumb Code     6  stm32f10x_tim.o(.text)
    TIM_GetITStatus                          0x08001e33   Thumb Code    34  stm32f10x_tim.o(.text)
    TIM_ClearITPendingBit                    0x08001e55   Thumb Code     6  stm32f10x_tim.o(.text)
    USART_DeInit                             0x08001e5d   Thumb Code   134  stm32f10x_usart.o(.text)
    USART_Init                               0x08001ee3   Thumb Code   210  stm32f10x_usart.o(.text)
    USART_StructInit                         0x08001fb5   Thumb Code    24  stm32f10x_usart.o(.text)
    USART_ClockInit                          0x08001fcd   Thumb Code    34  stm32f10x_usart.o(.text)
    USART_ClockStructInit                    0x08001fef   Thumb Code    12  stm32f10x_usart.o(.text)
    USART_Cmd                                0x08001ffb   Thumb Code    24  stm32f10x_usart.o(.text)
    USART_ITConfig                           0x08002013   Thumb Code    74  stm32f10x_usart.o(.text)
    USART_DMACmd                             0x0800205d   Thumb Code    18  stm32f10x_usart.o(.text)
    USART_SetAddress                         0x0800206f   Thumb Code    18  stm32f10x_usart.o(.text)
    USART_WakeUpConfig                       0x08002081   Thumb Code    18  stm32f10x_usart.o(.text)
    USART_ReceiverWakeUpCmd                  0x08002093   Thumb Code    24  stm32f10x_usart.o(.text)
    USART_LINBreakDetectLengthConfig         0x080020ab   Thumb Code    18  stm32f10x_usart.o(.text)
    USART_LINCmd                             0x080020bd   Thumb Code    24  stm32f10x_usart.o(.text)
    USART_SendData                           0x080020d5   Thumb Code     8  stm32f10x_usart.o(.text)
    USART_ReceiveData                        0x080020dd   Thumb Code    10  stm32f10x_usart.o(.text)
    USART_SendBreak                          0x080020e7   Thumb Code    10  stm32f10x_usart.o(.text)
    USART_SetGuardTime                       0x080020f1   Thumb Code    16  stm32f10x_usart.o(.text)
    USART_SetPrescaler                       0x08002101   Thumb Code    16  stm32f10x_usart.o(.text)
    USART_SmartCardCmd                       0x08002111   Thumb Code    24  stm32f10x_usart.o(.text)
    USART_SmartCardNACKCmd                   0x08002129   Thumb Code    24  stm32f10x_usart.o(.text)
    USART_HalfDuplexCmd                      0x08002141   Thumb Code    24  stm32f10x_usart.o(.text)
    USART_OverSampling8Cmd                   0x08002159   Thumb Code    22  stm32f10x_usart.o(.text)
    USART_OneBitMethodCmd                    0x0800216f   Thumb Code    24  stm32f10x_usart.o(.text)
    USART_IrDAConfig                         0x08002187   Thumb Code    18  stm32f10x_usart.o(.text)
    USART_IrDACmd                            0x08002199   Thumb Code    24  stm32f10x_usart.o(.text)
    USART_GetFlagStatus                      0x080021b1   Thumb Code    26  stm32f10x_usart.o(.text)
    USART_ClearFlag                          0x080021cb   Thumb Code    18  stm32f10x_usart.o(.text)
    USART_GetITStatus                        0x080021dd   Thumb Code    84  stm32f10x_usart.o(.text)
    USART_ClearITPendingBit                  0x08002231   Thumb Code    52  stm32f10x_usart.o(.text)
    SystemInit                               0x08002343   Thumb Code    78  system_stm32f10x.o(.text)
    SystemCoreClockUpdate                    0x08002391   Thumb Code   142  system_stm32f10x.o(.text)
    ESP8266_Clear                            0x08002445   Thumb Code    18  esp8266.o(.text)
    ESP8266_WaitRecive                       0x08002457   Thumb Code    42  esp8266.o(.text)
    ESP8266_SendCmd                          0x08002481   Thumb Code    76  esp8266.o(.text)
    ESP8266_SendData                         0x080024cd   Thumb Code    46  esp8266.o(.text)
    ESP8266_GetIPD                           0x080024fb   Thumb Code    68  esp8266.o(.text)
    ESP8266_Init                             0x0800253f   Thumb Code   232  esp8266.o(.text)
    USART2_IRQHandler                        0x08002627   Thumb Code    62  esp8266.o(.text)
    EDP_NewBuffer                            0x08002775   Thumb Code    88  edpkit.o(.text)
    EDP_DeleteBuffer                         0x080027cd   Thumb Code    28  edpkit.o(.text)
    EDP_UnPacketRecv                         0x080027e9   Thumb Code     6  edpkit.o(.text)
    EDP_PacketConnect1                       0x080027ef   Thumb Code   232  edpkit.o(.text)
    EDP_PacketConnect2                       0x080028d7   Thumb Code   248  edpkit.o(.text)
    EDP_UnPacketConnectRsp                   0x080029cf   Thumb Code     6  edpkit.o(.text)
    WriteRemainlen                           0x080029d5   Thumb Code    46  edpkit.o(.text)
    ReadRemainlen                            0x08002a03   Thumb Code    62  edpkit.o(.text)
    EDP_PacketSaveData                       0x08002a41   Thumb Code   460  edpkit.o(.text)
    EDP_PacketPushData                       0x08002c0d   Thumb Code   194  edpkit.o(.text)
    EDP_UnPacketPushData                     0x08002ccf   Thumb Code   176  edpkit.o(.text)
    EDP_UnPacketCmd                          0x08002d7f   Thumb Code   214  edpkit.o(.text)
    EDP_PacketCmdResp                        0x08002e55   Thumb Code   192  edpkit.o(.text)
    EDP_PacketPing                           0x08002f15   Thumb Code    48  edpkit.o(.text)
    OneNet_DevLink                           0x08002f45   Thumb Code   240  onenet.o(.text)
    OneNet_FillBuf                           0x08003035   Thumb Code   172  onenet.o(.text)
    OneNet_SendData                          0x080030e1   Thumb Code   128  onenet.o(.text)
    OneNet_RevPro                            0x08003161   Thumb Code   208  onenet.o(.text)
    esp8266_rec                              0x080034e1   Thumb Code    22  esp8266_send.o(.text)
    data_pro                                 0x080034f7   Thumb Code   186  esp8266_send.o(.text)
    data_send                                0x080035b1   Thumb Code     2  esp8266_send.o(.text)
    __aeabi_memcpy                           0x0800360d   Thumb Code    36  memcpya.o(.text)
    __aeabi_memcpy4                          0x0800360d   Thumb Code     0  memcpya.o(.text)
    __aeabi_memcpy8                          0x0800360d   Thumb Code     0  memcpya.o(.text)
    __aeabi_memset                           0x08003631   Thumb Code    14  memseta.o(.text)
    __aeabi_memset4                          0x08003631   Thumb Code     0  memseta.o(.text)
    __aeabi_memset8                          0x08003631   Thumb Code     0  memseta.o(.text)
    __aeabi_memclr                           0x0800363f   Thumb Code     4  memseta.o(.text)
    __aeabi_memclr4                          0x0800363f   Thumb Code     0  memseta.o(.text)
    __aeabi_memclr8                          0x0800363f   Thumb Code     0  memseta.o(.text)
    _memset$wrapper                          0x08003643   Thumb Code    18  memseta.o(.text)
    strcat                                   0x08003655   Thumb Code    24  strcat.o(.text)
    strstr                                   0x0800366d   Thumb Code    36  strstr.o(.text)
    strchr                                   0x08003691   Thumb Code    20  strchr.o(.text)
    strlen                                   0x080036a5   Thumb Code    14  strlen.o(.text)
    strncat                                  0x080036b3   Thumb Code    40  strncat.o(.text)
    atoi                                     0x080036db   Thumb Code    26  atoi.o(.text)
    __aeabi_uidiv                            0x080036f5   Thumb Code     0  uidiv.o(.text)
    __aeabi_uidivmod                         0x080036f5   Thumb Code    44  uidiv.o(.text)
    __aeabi_uldivmod                         0x08003721   Thumb Code    98  uldiv.o(.text)
    strtol                                   0x08003783   Thumb Code   112  strtol.o(.text)
    __I$use$fp                               0x080037f3   Thumb Code     0  iusefp.o(.text)
    __aeabi_dadd                             0x080037f3   Thumb Code   322  dadd.o(.text)
    __aeabi_dsub                             0x08003935   Thumb Code     6  dadd.o(.text)
    __aeabi_drsub                            0x0800393b   Thumb Code     6  dadd.o(.text)
    __aeabi_dmul                             0x08003941   Thumb Code   228  dmul.o(.text)
    __aeabi_ddiv                             0x08003a25   Thumb Code   222  ddiv.o(.text)
    __aeabi_d2ulz                            0x08003b03   Thumb Code    48  dfixul.o(.text)
    __aeabi_cdrcmple                         0x08003b35   Thumb Code    48  cdrcmple.o(.text)
    __scatterload                            0x08003b65   Thumb Code    28  init.o(.text)
    __scatterload_rt2                        0x08003b65   Thumb Code     0  init.o(.text)
    __aeabi_llsl                             0x08003b89   Thumb Code    30  llshl.o(.text)
    _ll_shift_l                              0x08003b89   Thumb Code     0  llshl.o(.text)
    __aeabi_llsr                             0x08003ba7   Thumb Code    32  llushr.o(.text)
    _ll_ushift_r                             0x08003ba7   Thumb Code     0  llushr.o(.text)
    __aeabi_lasr                             0x08003bc7   Thumb Code    36  llsshr.o(.text)
    _ll_sshift_r                             0x08003bc7   Thumb Code     0  llsshr.o(.text)
    __rt_ctype_table                         0x08003bed   Thumb Code     4  ctype_o.o(.text)
    _strtoul                                 0x08003bf5   Thumb Code   158  _strtoul.o(.text)
    _double_round                            0x08003c93   Thumb Code    30  depilogue.o(.text)
    _double_epilogue                         0x08003cb1   Thumb Code   156  depilogue.o(.text)
    _chval                                   0x08003d4d   Thumb Code    28  _chval.o(.text)
    __0printf$1                              0x08003d69   Thumb Code    22  printf1.o(i.__0printf$1)
    __1printf$1                              0x08003d69   Thumb Code     0  printf1.o(i.__0printf$1)
    __2printf                                0x08003d69   Thumb Code     0  printf1.o(i.__0printf$1)
    __0sprintf$1                             0x08003d89   Thumb Code    34  printf1.o(i.__0sprintf$1)
    __1sprintf$1                             0x08003d89   Thumb Code     0  printf1.o(i.__0sprintf$1)
    __2sprintf                               0x08003d89   Thumb Code     0  printf1.o(i.__0sprintf$1)
    __0vsnprintf                             0x08003db1   Thumb Code    32  printfa.o(i.__0vsnprintf)
    __1vsnprintf                             0x08003db1   Thumb Code     0  printfa.o(i.__0vsnprintf)
    __2vsnprintf                             0x08003db1   Thumb Code     0  printfa.o(i.__0vsnprintf)
    __c89vsnprintf                           0x08003db1   Thumb Code     0  printfa.o(i.__0vsnprintf)
    vsnprintf                                0x08003db1   Thumb Code     0  printfa.o(i.__0vsnprintf)
    __aeabi_errno_addr                       0x08003dd5   Thumb Code     4  errno.o(i.__aeabi_errno_addr)
    __rt_errno_addr                          0x08003dd5   Thumb Code     0  errno.o(i.__aeabi_errno_addr)
    __scatterload_copy                       0x08003ddd   Thumb Code    14  handlers.o(i.__scatterload_copy)
    __scatterload_null                       0x08003deb   Thumb Code     2  handlers.o(i.__scatterload_null)
    __scatterload_zeroinit                   0x08003ded   Thumb Code    14  handlers.o(i.__scatterload_zeroinit)
    free                                     0x08004805   Thumb Code    76  malloc.o(i.free)
    malloc                                   0x08004855   Thumb Code    92  malloc.o(i.malloc)
    __ctype_table                            0x080048c0   Data         129  ctype_o.o(.constdata)
    Region$$Table$$Base                      0x08004948   Number         0  anon$$obj.o(Region$$Table)
    Region$$Table$$Limit                     0x08004968   Number         0  anon$$obj.o(Region$$Table)
    USART3_RX_STA                            0x20000000   Data           2  usart.o(.data)
    SystemCoreClock                          0x20000018   Data           4  system_stm32f10x.o(.data)
    AHBPrescTable                            0x2000001c   Data          16  system_stm32f10x.o(.data)
    esp8266_cnt                              0x2000002c   Data           2  esp8266.o(.data)
    esp8266_cntPre                           0x2000002e   Data           2  esp8266.o(.data)
    send_data                                0x20000030   Data           4  esp8266_send.o(.data)
    __stdout                                 0x20000034   Data           4  stdout.o(.data)
    __microlib_freelist                      0x20000038   Data           4  mvars.o(.data)
    __microlib_freelist_initialised          0x2000003c   Data           4  mvars.o(.data)
    USART3_RX_BUF                            0x20000044   Data         200  usart.o(.bss)
    esp8266_buf                              0x2000010c   Data         128  esp8266.o(.bss)
    __heap_base                              0x20000190   Data           0  startup_stm32f10x_hd.o(HEAP)
    __heap_limit                             0x20000390   Data           0  startup_stm32f10x_hd.o(HEAP)
    __initial_sp                             0x20000790   Data           0  startup_stm32f10x_hd.o(STACK)



==============================================================================

Memory Map of the image

  Image Entry point : 0x08000131

  Load Region LR_IROM1 (Base: 0x08000000, Size: 0x000049ac, Max: 0x00080000, ABSOLUTE)

    Execution Region ER_IROM1 (Base: 0x08000000, Size: 0x00004968, Max: 0x00080000, ABSOLUTE)

    Base Addr    Size         Type   Attr      Idx    E Section Name        Object

    0x08000000   0x00000130   Data   RO            3    RESET               startup_stm32f10x_hd.o
    0x08000130   0x00000000   Code   RO          724  * .ARM.Collect$$$$00000000  mc_w.l(entry.o)
    0x08000130   0x00000004   Code   RO         1034    .ARM.Collect$$$$00000001  mc_w.l(entry2.o)
    0x08000134   0x00000004   Code   RO         1037    .ARM.Collect$$$$00000004  mc_w.l(entry5.o)
    0x08000138   0x00000000   Code   RO         1039    .ARM.Collect$$$$00000008  mc_w.l(entry7b.o)
    0x08000138   0x00000000   Code   RO         1041    .ARM.Collect$$$$0000000A  mc_w.l(entry8b.o)
    0x08000138   0x00000008   Code   RO         1042    .ARM.Collect$$$$0000000B  mc_w.l(entry9a.o)
    0x08000140   0x00000000   Code   RO         1044    .ARM.Collect$$$$0000000D  mc_w.l(entry10a.o)
    0x08000140   0x00000000   Code   RO         1046    .ARM.Collect$$$$0000000F  mc_w.l(entry11a.o)
    0x08000140   0x00000004   Code   RO         1035    .ARM.Collect$$$$00002712  mc_w.l(entry2.o)
    0x08000144   0x00000024   Code   RO            4    .text               startup_stm32f10x_hd.o
    0x08000168   0x00000078   Code   RO          155    .text               main.o
    0x080001e0   0x0000034c   Code   RO          183    .text               usart.o
    0x0800052c   0x000001a0   Code   RO          212    .text               dht11.o
    0x080006cc   0x00000100   Code   RO          231    .text               timer.o
    0x080007cc   0x00000096   Code   RO          261    .text               interface.o
    0x08000862   0x00000002   PAD
    0x08000864   0x000000dc   Code   RO          273    .text               misc.o
    0x08000940   0x0000035c   Code   RO          417    .text               stm32f10x_gpio.o
    0x08000c9c   0x000003a4   Code   RO          465    .text               stm32f10x_rcc.o
    0x08001040   0x00000e1a   Code   RO          515    .text               stm32f10x_tim.o
    0x08001e5a   0x00000002   PAD
    0x08001e5c   0x00000408   Code   RO          527    .text               stm32f10x_usart.o
    0x08002264   0x000001e0   Code   RO          561    .text               system_stm32f10x.o
    0x08002444   0x00000330   Code   RO          598    .text               esp8266.o
    0x08002774   0x000007d0   Code   RO          617    .text               edpkit.o
    0x08002f44   0x0000059c   Code   RO          645    .text               onenet.o
    0x080034e0   0x0000012c   Code   RO          690    .text               esp8266_send.o
    0x0800360c   0x00000024   Code   RO          727    .text               mc_w.l(memcpya.o)
    0x08003630   0x00000024   Code   RO          729    .text               mc_w.l(memseta.o)
    0x08003654   0x00000018   Code   RO          731    .text               mc_w.l(strcat.o)
    0x0800366c   0x00000024   Code   RO          733    .text               mc_w.l(strstr.o)
    0x08003690   0x00000014   Code   RO          735    .text               mc_w.l(strchr.o)
    0x080036a4   0x0000000e   Code   RO          737    .text               mc_w.l(strlen.o)
    0x080036b2   0x00000028   Code   RO          739    .text               mc_w.l(strncat.o)
    0x080036da   0x0000001a   Code   RO         1032    .text               mc_w.l(atoi.o)
    0x080036f4   0x0000002c   Code   RO         1049    .text               mc_w.l(uidiv.o)
    0x08003720   0x00000062   Code   RO         1051    .text               mc_w.l(uldiv.o)
    0x08003782   0x00000070   Code   RO         1062    .text               mc_w.l(strtol.o)
    0x080037f2   0x00000000   Code   RO         1064    .text               mc_w.l(iusefp.o)
    0x080037f2   0x0000014e   Code   RO         1065    .text               mf_w.l(dadd.o)
    0x08003940   0x000000e4   Code   RO         1067    .text               mf_w.l(dmul.o)
    0x08003a24   0x000000de   Code   RO         1069    .text               mf_w.l(ddiv.o)
    0x08003b02   0x00000030   Code   RO         1071    .text               mf_w.l(dfixul.o)
    0x08003b32   0x00000002   PAD
    0x08003b34   0x00000030   Code   RO         1073    .text               mf_w.l(cdrcmple.o)
    0x08003b64   0x00000024   Code   RO         1075    .text               mc_w.l(init.o)
    0x08003b88   0x0000001e   Code   RO         1077    .text               mc_w.l(llshl.o)
    0x08003ba6   0x00000020   Code   RO         1079    .text               mc_w.l(llushr.o)
    0x08003bc6   0x00000024   Code   RO         1081    .text               mc_w.l(llsshr.o)
    0x08003bea   0x00000002   PAD
    0x08003bec   0x00000008   Code   RO         1083    .text               mc_w.l(ctype_o.o)
    0x08003bf4   0x0000009e   Code   RO         1111    .text               mc_w.l(_strtoul.o)
    0x08003c92   0x000000ba   Code   RO         1113    .text               mf_w.l(depilogue.o)
    0x08003d4c   0x0000001c   Code   RO         1115    .text               mc_w.l(_chval.o)
    0x08003d68   0x00000020   Code   RO          788    i.__0printf$1       mc_w.l(printf1.o)
    0x08003d88   0x00000028   Code   RO          790    i.__0sprintf$1      mc_w.l(printf1.o)
    0x08003db0   0x00000024   Code   RO          981    i.__0vsnprintf      mc_w.l(printfa.o)
    0x08003dd4   0x00000008   Code   RO         1055    i.__aeabi_errno_addr  mc_w.l(errno.o)
    0x08003ddc   0x0000000e   Code   RO         1119    i.__scatterload_copy  mc_w.l(handlers.o)
    0x08003dea   0x00000002   Code   RO         1120    i.__scatterload_null  mc_w.l(handlers.o)
    0x08003dec   0x0000000e   Code   RO         1121    i.__scatterload_zeroinit  mc_w.l(handlers.o)
    0x08003dfa   0x00000002   PAD
    0x08003dfc   0x00000164   Code   RO          983    i._fp_digits        mc_w.l(printfa.o)
    0x08003f60   0x00000154   Code   RO          795    i._printf_core      mc_w.l(printf1.o)
    0x080040b4   0x000006dc   Code   RO          984    i._printf_core      mc_w.l(printfa.o)
    0x08004790   0x00000024   Code   RO          985    i._printf_post_padding  mc_w.l(printfa.o)
    0x080047b4   0x0000002e   Code   RO          986    i._printf_pre_padding  mc_w.l(printfa.o)
    0x080047e2   0x00000016   Code   RO          987    i._snputc           mc_w.l(printfa.o)
    0x080047f8   0x0000000a   Code   RO          797    i._sputc            mc_w.l(printf1.o)
    0x08004802   0x00000002   PAD
    0x08004804   0x00000050   Code   RO         1004    i.free              mc_w.l(malloc.o)
    0x08004854   0x0000006c   Code   RO         1005    i.malloc            mc_w.l(malloc.o)
    0x080048c0   0x00000081   Data   RO         1084    .constdata          mc_w.l(ctype_o.o)
    0x08004941   0x00000003   PAD
    0x08004944   0x00000004   Data   RO         1085    .constdata          mc_w.l(ctype_o.o)
    0x08004948   0x00000020   Data   RO         1117    Region$$Table       anon$$obj.o


    Execution Region RW_IRAM1 (Base: 0x20000000, Size: 0x00000790, Max: 0x00010000, ABSOLUTE)

    Base Addr    Size         Type   Attr      Idx    E Section Name        Object

    0x20000000   0x00000002   Data   RW          185    .data               usart.o
    0x20000002   0x00000014   Data   RW          466    .data               stm32f10x_rcc.o
    0x20000016   0x00000002   PAD
    0x20000018   0x00000014   Data   RW          562    .data               system_stm32f10x.o
    0x2000002c   0x00000004   Data   RW          600    .data               esp8266.o
    0x20000030   0x00000004   Data   RW          691    .data               esp8266_send.o
    0x20000034   0x00000004   Data   RW         1048    .data               mc_w.l(stdout.o)
    0x20000038   0x00000004   Data   RW         1053    .data               mc_w.l(mvars.o)
    0x2000003c   0x00000004   Data   RW         1054    .data               mc_w.l(mvars.o)
    0x20000040   0x00000004   Data   RW         1058    .data               mc_w.l(errno.o)
    0x20000044   0x000000c8   Zero   RW          184    .bss                usart.o
    0x2000010c   0x00000080   Zero   RW          599    .bss                esp8266.o
    0x2000018c   0x00000004   PAD
    0x20000190   0x00000200   Zero   RW            2    HEAP                startup_stm32f10x_hd.o
    0x20000390   0x00000400   Zero   RW            1    STACK               startup_stm32f10x_hd.o


==============================================================================

Image component sizes


      Code (inc. data)   RO Data    RW Data    ZI Data      Debug   Object Name

       416         12          0          0          0       2054   dht11.o
      2000          4          0          0          0       8408   edpkit.o
       816        272          0          4        128       2867   esp8266.o
       300         90          0          4          0       1973   esp8266_send.o
       150          0          0          0          0        918   interface.o
       120         26          0          0          0        479   main.o
       220         22          0          0          0       1677   misc.o
      1436        698          0          0          0      18641   onenet.o
        36          8        304          0       1536        808   startup_stm32f10x_hd.o
       860         38          0          0          0       5609   stm32f10x_gpio.o
         0          0          0          0          0     252484   stm32f10x_it.o
       932         36          0         20          0       8740   stm32f10x_rcc.o
      3610         88          0          0          0      22716   stm32f10x_tim.o
      1032         22          0          0          0       8332   stm32f10x_usart.o
       480         38          0         20          0       1679   system_stm32f10x.o
       256         14          0          0          0       1142   timer.o
       844         30          0          2        200       5353   usart.o

    ----------------------------------------------------------------------
     13512       1398        336         52       1868     343880   Object Totals
         0          0         32          0          0          0   (incl. Generated)
         4          0          0          2          4          0   (incl. Padding)

    ----------------------------------------------------------------------

      Code (inc. data)   RO Data    RW Data    ZI Data      Debug   Library Member Name

        28          0          0          0          0         68   _chval.o
       158          0          0          0          0         92   _strtoul.o
        26          0          0          0          0         80   atoi.o
         8          4        133          0          0         68   ctype_o.o
         0          0          0          0          0          0   entry.o
         0          0          0          0          0          0   entry10a.o
         0          0          0          0          0          0   entry11a.o
         8          4          0          0          0          0   entry2.o
         4          0          0          0          0          0   entry5.o
         0          0          0          0          0          0   entry7b.o
         0          0          0          0          0          0   entry8b.o
         8          4          0          0          0          0   entry9a.o
         8          4          0          4          0         68   errno.o
        30          0          0          0          0          0   handlers.o
        36          8          0          0          0         68   init.o
         0          0          0          0          0          0   iusefp.o
        30          0          0          0          0         68   llshl.o
        36          0          0          0          0         68   llsshr.o
        32          0          0          0          0         68   llushr.o
       188         20          0          0          0        160   malloc.o
        36          0          0          0          0         68   memcpya.o
        36          0          0          0          0        108   memseta.o
         0          0          0          8          0          0   mvars.o
       422         20          0          0          0        336   printf1.o
      2252         84          0          0          0        508   printfa.o
         0          0          0          4          0          0   stdout.o
        24          0          0          0          0         68   strcat.o
        20          0          0          0          0         68   strchr.o
        14          0          0          0          0         68   strlen.o
        40          0          0          0          0         76   strncat.o
        36          0          0          0          0         80   strstr.o
       112          0          0          0          0         88   strtol.o
        44          0          0          0          0         80   uidiv.o
        98          0          0          0          0         92   uldiv.o
        48          0          0          0          0         68   cdrcmple.o
       334          0          0          0          0        148   dadd.o
       222          0          0          0          0        100   ddiv.o
       186          0          0          0          0        176   depilogue.o
        48          0          0          0          0         68   dfixul.o
       228          0          0          0          0         96   dmul.o

    ----------------------------------------------------------------------
      4808        148        136         16          0       3104   Library Totals
         8          0          3          0          0          0   (incl. Padding)

    ----------------------------------------------------------------------

      Code (inc. data)   RO Data    RW Data    ZI Data      Debug   Library Name

      3734        148        133         16          0       2448   mc_w.l
      1066          0          0          0          0        656   mf_w.l

    ----------------------------------------------------------------------
      4808        148        136         16          0       3104   Library Totals

    ----------------------------------------------------------------------

==============================================================================


      Code (inc. data)   RO Data    RW Data    ZI Data      Debug   

     18320       1546        472         68       1868     344016   Grand Totals
     18320       1546        472         68       1868     344016   ELF Image Totals
     18320       1546        472         68          0          0   ROM Totals

==============================================================================

    Total RO  Size (Code + RO Data)                18792 (  18.35kB)
    Total RW  Size (RW Data + ZI Data)              1936 (   1.89kB)
    Total ROM Size (Code + RO Data + RW Data)      18860 (  18.42kB)

==============================================================================

